ARM Linker, RVCT4.0 [Build 902] For VeriFone

==============================================================================

Section Cross References

    vrxcrt_t.o(.0_vrx_pgmhdr) refers to vrxcrt_t.o(.text) for _vrxgo
    vrxcrt_t.o(.text) refers to fpinit.o(x$fpl$fpinit) for _fp_init
    vrxcrt_t.o(.text) refers (Weak) to init_aeabi.o(.text) for __cpp_initialize__aeabi_
    vrxcrt_t.o(.text) refers to irismain.o(.text) for main
    vrxcrt_t.o(.text) refers (Weak) to cxa_finalize.o(i.__cxa_finalize) for __cxa_finalize
    vrxcrt_t.o(.text) refers (Weak) to init_aeabi.o(.text) for __cpp_initialize__aeabi_
    vrxcrt_t.o(.text) refers (Weak) to cxa_finalize.o(i.__cxa_finalize) for __cxa_finalize
    vrxcrt_t.o(.text) refers to vrxcrt_t.o(.data) for .data
    crc32.o(.text) refers to crc32.o(.constdata) for .constdata
    inflate.o(.text) refers to crc32.o(.text) for crc32
    inflate.o(.text) refers to adler32.o(.text) for adler32
    inflate.o(.text) refers to zutil.o(.text) for zcalloc
    inflate.o(.text) refers to inftrees.o(.text) for inflate_table
    inflate.o(.text) refers to inflate.o(.constdata) for .constdata
    inflate.o(.text) refers to inffast.o(.text) for inflate_fast
    inftrees.o(.text) refers to inftrees.o(.constdata) for .constdata
    sha1.o(.text) refers to sha1.o(.data) for .data
    zutil.o(.text) refers to alloc.o(.text) for my_malloc
    zutil.o(.text) refers to zutil.o(.constdata) for .constdata
    zutil.o(.constdata) refers to zutil.o(.conststring) for .conststring
    Contactless.o(.text) refers to ctls.o(.text) for CTLSReceive
    Contactless.o(.text) refers to elog.o(.text) for sysLogMessage
    Contactless.o(.text) refers to sprintf.opi(.text) for sprintf
    Contactless.o(.text) refers to display.o(.text) for DebugPrint
    Contactless.o(.text) refers to Contactless.o(.data) for .data
    Contactless.o(.text) refers to Contactless.o(.bss) for .bss
    Contactless.o(.text) refers to input.o(.data) for mcrHandle
    Contactless.o(.text) refers to sysrodat.oi(.constdata) for DEV_CARD
    Contactless.o(.text) refers to irismain.o(.data) for conHandle
    Contactless.o(.text) refers to iris.o(.text) for IRIS_GetObjectData
    Contactless.o(.text) refers to util.o(.text) for UtilStrDup
    Contactless.o(.text) refers to _uctype.opi(.constdata) for _uctype
    Contactless.o(.text) refers to Contactless.o(.constdata) for .constdata
    Contactless.o(.text) refers to iristime.o(.text) for __time_real
    Contactless.o(.text) refers to printer.o(.text) for PrtPrintBuffer
    IrisComm.o(.text) refers to gps.o(.text) for iReadGPS
    IrisComm.o(.text) refers to emv.o(.text) for EmvIsCardPresent
    IrisComm.o(.text) refers to elog.o(.text) for sysLogMessage
    IrisComm.o(.text) refers to rt_errno.oi(.text) for __rt_errno_addr
    IrisComm.o(.text) refers to IrisComm.o(i.__ARM_common_switch8) for __ARM_common_switch8
    IrisComm.o(.text) refers to ceif.o(.text) for ceGetEvent
    IrisComm.o(.text) refers to IrisComm.o(.data) for .data
    IrisComm.o(.text) refers to IrisComm.o(.constdata) for .constdata
    IrisComm.o(.text) refers to IrisComm.o(.bss) for .bss
    IrisComm.o(.text) refers to sprintf.opi(.text) for sprintf
    IrisComm.o(.text) refers to svc_net.o(.text) for recv
    Prtean128.o(.text) refers to Prtean128.o(.constdata) for .constdata
    Prtean13.o(.text) refers to IrisComm.o(i.__ARM_common_switch8) for __ARM_common_switch8
    Prtean13.o(.text) refers to Prtean13.o(.constdata) for .constdata
    as2805.o(.text) refers to sprintf.opi(.text) for sprintf
    as2805.o(.text) refers to util.o(.text) for UtilStrDup
    as2805.o(.text) refers to alloc.o(.text) for my_calloc
    as2805.o(.text) refers to IrisComm.o(i.__ARM_common_switch8) for __ARM_common_switch8
    as2805.o(.text) refers to time.o(.text) for my_gmtime
    as2805.o(.text) refers to as2805.o(.data) for .data
    as2805.o(.text) refers to as2805.o(.constdata) for .constdata
    comms.o(.text) refers to IrisComm.o(.text) for inCeTcpConnect
    comms.o(.text) refers to alloc.o(.text) for my_free
    comms.o(.text) refers to timer.o(.text) for TimerArm
    comms.o(.text) refers to IrisComm.o(i.__ARM_common_switch8) for __ARM_common_switch8
    comms.o(.text) refers to comms.o(.data) for .data
    comms.o(.text) refers to sysrodat.oi(.constdata) for DEV_COM1
    comms.o(.text) refers to sysrodat.oi(.constdata) for DEV_COM6
    comms.o(.text) refers to comms.o(.bss) for .bss
    ctlsmod.o(.text) refers to ctls.o(.text) for CTLSSend
    ctlsmod.o(.text) refers to sprintf.opi(.text) for sprintf
    ctlsmod.o(.text) refers to ctlsmod.o(.data) for .data
    ctlsmod.o(.text) refers to ctlsmod.o(.constdata) for .constdata
    ctlsmod.o(.text) refers to _uctype.opi(.constdata) for _uctype
    ctlsmod.o(.text) refers to ctlsmod.o(.bss) for .bss
    ctlsmod.o(.text) refers to elog.o(.text) for sysLogMessage
    ctlsmod.o(.text) refers to EST.o(.text) for szGetESTRID
[...]
    sin.o(i.__softfp_sin) refers (Special) to usenofp.o(x$fpl$usenofp) for __I$use$fp
    sin.o(i.__softfp_sin) refers to sin.o(i.sin) for sin
    sin.o(i.sin) refers (Special) to usenofp.o(x$fpl$usenofp) for __I$use$fp
    sin.o(i.sin) refers to _rserrno.o(.text) for __set_errno
    sin.o(i.sin) refers to scalbn.o(x$fpl$scalbn) for scalbn
    sin.o(i.sin) refers to rred.o(i.__ieee754_rem_pio2) for __ieee754_rem_pio2
    sin.o(i.sin) refers to sin_i.o(i.__kernel_sin) for __kernel_sin
    sin.o(i.sin) refers to cos_i.o(i.__kernel_cos) for __kernel_cos
    sin_x.o(i.____softfp_sin$c99) refers (Special) to usenofp.o(x$fpl$usenofp) for __I$use$fp
    sin_x.o(i.____softfp_sin$c99) refers to sin_x.o(i.__sin$c99) for __sin$c99
    sin_x.o(i.__sin$c99) refers (Special) to usenofp.o(x$fpl$usenofp) for __I$use$fp
    sin_x.o(i.__sin$c99) refers to _rserrno.o(.text) for __set_errno
    sin_x.o(i.__sin$c99) refers to ddiv.o(x$fpl$ddiv) for __aeabi_ddiv
    sin_x.o(i.__sin$c99) refers to scalbn.o(x$fpl$scalbn) for scalbn
    sin_x.o(i.__sin$c99) refers to rred.o(i.__ieee754_rem_pio2) for __ieee754_rem_pio2
    sin_x.o(i.__sin$c99) refers to sin_i.o(i.__kernel_sin) for __kernel_sin
    sin_x.o(i.__sin$c99) refers to cos_i.o(i.__kernel_cos) for __kernel_cos
    sinh.o(i.__softfp_sinh) refers (Special) to usenofp.o(x$fpl$usenofp) for __I$use$fp
    sinh.o(i.__softfp_sinh) refers to sinh.o(i.sinh) for sinh
    sinh.o(i.sinh) refers (Special) to usenofp.o(x$fpl$usenofp) for __I$use$fp
    sinh.o(i.sinh) refers to scalbn.o(x$fpl$scalbn) for scalbn
    sinh.o(i.sinh) refers to expm1_i.o(i.__mathlib_expm1) for __mathlib_expm1
    sinh.o(i.sinh) refers to daddsub_clz.o(x$fpl$dadd) for __aeabi_dadd
    sinh.o(i.sinh) refers to dmul.o(x$fpl$dmul) for __aeabi_dmul
    sinh.o(i.sinh) refers to ddiv.o(x$fpl$ddiv) for __aeabi_ddiv
    sinh.o(i.sinh) refers to daddsub_clz.o(x$fpl$dsub) for __aeabi_dsub
    sinh.o(i.sinh) refers to exp.o(i.exp) for exp
    sinh.o(i.sinh) refers to _rserrno.o(.text) for __set_errno
    sinh.o(i.sinh) refers to sinh.o(.constdata) for .constdata
    sinh.o(.constdata) refers (Special) to usenofp.o(x$fpl$usenofp) for __I$use$fp
    sinh_x.o(i.____softfp_sinh$c99) refers (Special) to usenofp.o(x$fpl$usenofp) for __I$use$fp
    sinh_x.o(i.____softfp_sinh$c99) refers to sinh_x.o(i.__sinh$c99) for __sinh$c99
    sinh_x.o(i.__sinh$c99) refers (Special) to usenofp.o(x$fpl$usenofp) for __I$use$fp
    sinh_x.o(i.__sinh$c99) refers to scalbn.o(x$fpl$scalbn) for scalbn
    sinh_x.o(i.__sinh$c99) refers to fpclassify.o(i.__ARM_fpclassify) for __ARM_fpclassify
    sinh_x.o(i.__sinh$c99) refers to dunder.o(i.__mathlib_dbl_underflow) for __mathlib_dbl_underflow
    sinh_x.o(i.__sinh$c99) refers to expm1_i.o(i.__mathlib_expm1) for __mathlib_expm1
    sinh_x.o(i.__sinh$c99) refers to daddsub_clz.o(x$fpl$dadd) for __aeabi_dadd
    sinh_x.o(i.__sinh$c99) refers to dmul.o(x$fpl$dmul) for __aeabi_dmul
    sinh_x.o(i.__sinh$c99) refers to ddiv.o(x$fpl$ddiv) for __aeabi_ddiv
    sinh_x.o(i.__sinh$c99) refers to daddsub_clz.o(x$fpl$dsub) for __aeabi_dsub
    sinh_x.o(i.__sinh$c99) refers to exp.o(i.exp) for exp
    sinh_x.o(i.__sinh$c99) refers to _rserrno.o(.text) for __set_errno
    sinh_x.o(i.__sinh$c99) refers to sinh_x.o(.constdata) for .constdata
    sinh_x.o(.constdata) refers (Special) to usenofp.o(x$fpl$usenofp) for __I$use$fp
    sqrt.o(i.__softfp_sqrt) refers (Special) to usenofp.o(x$fpl$usenofp) for __I$use$fp
    sqrt.o(i.__softfp_sqrt) refers to dleqf.o(x$fpl$dleqf) for __aeabi_cdcmple
    sqrt.o(i.__softfp_sqrt) refers to dsqrt.o(x$fpl$dsqrt) for _dsqrt
    sqrt.o(i.__softfp_sqrt) refers to _rserrno.o(.text) for __set_errno
    sqrt.o(i.sqrt) refers (Special) to usenofp.o(x$fpl$usenofp) for __I$use$fp
    sqrt.o(i.sqrt) refers to dleqf.o(x$fpl$dleqf) for __aeabi_cdcmple
    sqrt.o(i.sqrt) refers to dsqrt.o(x$fpl$dsqrt) for _dsqrt
    sqrt.o(i.sqrt) refers to _rserrno.o(.text) for __set_errno
    sqrt_x.o(i.____softfp_sqrt$c99) refers (Special) to usenofp.o(x$fpl$usenofp) for __I$use$fp
    sqrt_x.o(i.____softfp_sqrt$c99) refers to dsqrt.o(x$fpl$dsqrt) for _dsqrt
    sqrt_x.o(i.____softfp_sqrt$c99) refers to _rserrno.o(.text) for __set_errno
    sqrt_x.o(i.__sqrt$c99) refers (Special) to usenofp.o(x$fpl$usenofp) for __I$use$fp
    sqrt_x.o(i.__sqrt$c99) refers to dsqrt.o(x$fpl$dsqrt) for _dsqrt
    sqrt_x.o(i.__sqrt$c99) refers to _rserrno.o(.text) for __set_errno
    tan.o(i.__softfp_tan) refers (Special) to usenofp.o(x$fpl$usenofp) for __I$use$fp
    tan.o(i.__softfp_tan) refers to _rserrno.o(.text) for __set_errno
    tan.o(i.__softfp_tan) refers to scalbn.o(x$fpl$scalbn) for scalbn
    tan.o(i.__softfp_tan) refers to rred.o(i.__ieee754_rem_pio2) for __ieee754_rem_pio2
    tan.o(i.__softfp_tan) refers to tan_i.o(i.__kernel_tan) for __kernel_tan
    tan.o(i.tan) refers (Special) to usenofp.o(x$fpl$usenofp) for __I$use$fp
    tan.o(i.tan) refers to _rserrno.o(.text) for __set_errno
    tan.o(i.tan) refers to scalbn.o(x$fpl$scalbn) for scalbn
    tan.o(i.tan) refers to rred.o(i.__ieee754_rem_pio2) for __ieee754_rem_pio2
    tan.o(i.tan) refers to tan_i.o(i.__kernel_tan) for __kernel_tan
    tan_x.o(i.____softfp_tan$c99) refers (Special) to usenofp.o(x$fpl$usenofp) for __I$use$fp
    tan_x.o(i.____softfp_tan$c99) refers to _rserrno.o(.text) for __set_errno
    tan_x.o(i.____softfp_tan$c99) refers to ddiv.o(x$fpl$ddiv) for __aeabi_ddiv
    tan_x.o(i.____softfp_tan$c99) refers to scalbn.o(x$fpl$scalbn) for scalbn
    tan_x.o(i.____softfp_tan$c99) refers to rred.o(i.__ieee754_rem_pio2) for __ieee754_rem_pio2
    tan_x.o(i.____softfp_tan$c99) refers to tan_i.o(i.__kernel_tan) for __kernel_tan
    tan_x.o(i.__tan$c99) refers (Special) to usenofp.o(x$fpl$usenofp) for __I$use$fp
    tan_x.o(i.__tan$c99) refers to _rserrno.o(.text) for __set_errno
    tan_x.o(i.__tan$c99) refers to ddiv.o(x$fpl$ddiv) for __aeabi_ddiv
    tan_x.o(i.__tan$c99) refers to scalbn.o(x$fpl$scalbn) for scalbn
    tan_x.o(i.__tan$c99) refers to rred.o(i.__ieee754_rem_pio2) for __ieee754_rem_pio2
    tan_x.o(i.__tan$c99) refers to tan_i.o(i.__kernel_tan) for __kernel_tan
    tanh.o(i.__softfp_tanh) refers (Special) to usenofp.o(x$fpl$usenofp) for __I$use$fp
    tanh.o(i.__softfp_tanh) refers to tanh.o(i.tanh) for tanh
    tanh.o(i.tanh) refers (Special) to usenofp.o(x$fpl$usenofp) for __I$use$fp
    tanh.o(i.tanh) refers to scalbn.o(x$fpl$scalbn) for scalbn
    tanh.o(i.tanh) refers to expm1_i.o(i.__mathlib_expm1) for __mathlib_expm1
    tanh.o(i.tanh) refers to daddsub_clz.o(x$fpl$dadd) for __aeabi_dadd
    tanh.o(i.tanh) refers to ddiv.o(x$fpl$ddiv) for __aeabi_ddiv
    tanh.o(i.tanh) refers to daddsub_clz.o(x$fpl$drsb) for __aeabi_drsub
    tanh.o(i.tanh) refers to dmul.o(x$fpl$dmul) for __aeabi_dmul
    tanh_x.o(i.____softfp_tanh$c99) refers (Special) to usenofp.o(x$fpl$usenofp) for __I$use$fp
    tanh_x.o(i.____softfp_tanh$c99) refers to tanh_x.o(i.__tanh$c99) for __tanh$c99
    tanh_x.o(i.__tanh$c99) refers (Special) to usenofp.o(x$fpl$usenofp) for __I$use$fp
    tanh_x.o(i.__tanh$c99) refers to scalbn.o(x$fpl$scalbn) for scalbn
    tanh_x.o(i.__tanh$c99) refers to fpclassify.o(i.__ARM_fpclassify) for __ARM_fpclassify
    tanh_x.o(i.__tanh$c99) refers to dunder.o(i.__mathlib_dbl_underflow) for __mathlib_dbl_underflow
    tanh_x.o(i.__tanh$c99) refers to expm1_i.o(i.__mathlib_expm1) for __mathlib_expm1
    tanh_x.o(i.__tanh$c99) refers to daddsub_clz.o(x$fpl$dadd) for __aeabi_dadd
    tanh_x.o(i.__tanh$c99) refers to ddiv.o(x$fpl$ddiv) for __aeabi_ddiv
    tanh_x.o(i.__tanh$c99) refers to daddsub_clz.o(x$fpl$drsb) for __aeabi_drsub
    tanh_x.o(i.__tanh$c99) refers to dmul.o(x$fpl$dmul) for __aeabi_dmul
    rt_locale.o(.text) refers to rt_locale.o(.bss) for __rt_locale_data
    rt_locale_intlibspace.o(.text) refers to libspace.o(.bss) for __libspace_start
    rt_ddtor_pointer_addr.o(.text) refers to rt_ddtor_pointer_addr.o(.bss) for __rt_ddtor_pointer_addr_data
    rt_ddtor_pointer_addr_intlibspace.o(.text) refers to libspace.o(.bss) for __libspace_start
    _rserrno.o(.text) refers to rt_errno.oi(.text) for __aeabi_errno_addr
    lc_collate_c.o(locale$$data) refers (Special) to libinit2.o(.ARM.Collect$$libinit$$0000000D) for __rt_lib_init_lc_collate_2
    lc_collate_c.o(locale$$code) refers (Special) to libinit2.o(.ARM.Collect$$libinit$$0000000D) for __rt_lib_init_lc_collate_2
    lc_collate_c.o(locale$$code) refers to lc_collate_c.o(locale$$data) for __lccoll_c_name
    libinit2.o(.ARM.Collect$$libinit$$0000000B) refers (Weak) to rt_locale.o(.text) for __rt_locale
    libinit2.o(.ARM.Collect$$libinit$$0000000C) refers to libinit2.o(.ARM.Collect$$libinit$$0000000B) for .ARM.Collect$$libinit$$0000000B
    libinit2.o(.ARM.Collect$$libinit$$0000000C) refers (Weak) to lc_collate_c.o(locale$$code) for _get_lc_collate
    libinit2.o(.ARM.Collect$$libinit$$0000000E) refers to libinit2.o(.ARM.Collect$$libinit$$0000000B) for .ARM.Collect$$libinit$$0000000B
    libinit2.o(.ARM.Collect$$libinit$$00000010) refers to libinit2.o(.ARM.Collect$$libinit$$0000000B) for .ARM.Collect$$libinit$$0000000B
    libinit2.o(.ARM.Collect$$libinit$$00000012) refers to libinit2.o(.ARM.Collect$$libinit$$0000000B) for .ARM.Collect$$libinit$$0000000B
    libinit2.o(.ARM.Collect$$libinit$$00000014) refers to libinit2.o(.ARM.Collect$$libinit$$0000000B) for .ARM.Collect$$libinit$$0000000B
    libinit2.o(.ARM.Collect$$libinit$$00000022) refers to argv_veneer.o(.emb_text) for __ARM_argv_veneer
    libinit2.o(.ARM.Collect$$libinit$$00000023) refers to argv_veneer.o(.emb_text) for __ARM_argv_veneer
    libinit2.o(.ARM.Collect$$libinit$$0000002D) refers (Weak) to init_aeabi.o(.text) for __cpp_initialize__aeabi_
    libshutdown2.o(.ARM.Collect$$libshutdown$$00000001) refers (Weak) to cxa_finalize.o(i.__cxa_finalize) for __cxa_finalize
    cxa_atexit.o(i.__cxa_atexit) refers (Special) to libshutdown2.o(.ARM.Collect$$libshutdown$$00000001) for __rt_lib_shutdown_cpp_1
    cxa_atexit.o(i.__cxa_atexit) refers to aeabi_atexit.o(i.__aeabi_atexit) for __aeabi_atexit
    cxa_atexit.o(.ARM.exidx) refers (Special) to libshutdown2.o(.ARM.Collect$$libshutdown$$00000001) for __rt_lib_shutdown_cpp_1
    cxa_atexit.o(.ARM.exidx) refers to cxa_atexit.o(i.__cxa_atexit) for i.__cxa_atexit
    cxa_finalize.o(i.__cxa_finalize) refers (Special) to libshutdown2.o(.ARM.Collect$$libshutdown$$00000001) for __rt_lib_shutdown_cpp_1
    cxa_finalize.o(i.__cxa_finalize) refers to rt_ddtor_pointer_addr.o(.text) for __rt_ddtor_pointer_addr
    cxa_finalize.o(.ARM.exidx) refers (Special) to libshutdown2.o(.ARM.Collect$$libshutdown$$00000001) for __rt_lib_shutdown_cpp_1
    cxa_finalize.o(.ARM.exidx) refers to cxa_finalize.o(i.__cxa_finalize) for i.__cxa_finalize
    type_info_dtor.o(.ARM.exidx) refers to type_info_dtor.o(i._ZNSt9type_infoD1Ev) for i._ZNSt9type_infoD1Ev
    type_info_dtor.o(.ARM.exidx) refers to type_info_dtor.o(i._ZNSt9type_infoD0Ev) for i._ZNSt9type_infoD0Ev
    dcheck.o(x$fpl$dcheck) refers (Special) to usenofp.o(x$fpl$usenofp) for __I$use$fp
    dcheck.o(x$fpl$dcheck) refers to retnan.o(x$fpl$retnan) for __fpl_return_NaN
    dcheck1.o(x$fpl$dcheck1) refers (Special) to usenofp.o(x$fpl$usenofp) for __I$use$fp
    dcheck1.o(x$fpl$dcheck1) refers to retnan.o(x$fpl$retnan) for __fpl_return_NaN
    dcmpin.o(x$fpl$dcmpinfnan) refers (Special) to usenofp.o(x$fpl$usenofp) for __I$use$fp
    dcmpin.o(x$fpl$dcmpinfnan) refers to dcheck.o(x$fpl$dcheck) for __fpl_dcheck_NaN2
    dcmpin.o(x$fpl$dcmpinfnan) refers to trapv.o(x$fpl$trapveneer) for __fpl_cmpreturn
    drem_clz.o(x$fpl$drem) refers (Special) to usenofp.o(x$fpl$usenofp) for __I$use$fp
    drem_clz.o(x$fpl$drem) refers (Special) to dunder.o(x$fpl$dunder) for __dunder
    drem_clz.o(x$fpl$drem) refers to dcheck.o(x$fpl$dcheck) for __fpl_dcheck_NaN2
    dsqrt.o(x$fpl$dsqrt) refers (Special) to usenofp.o(x$fpl$usenofp) for __I$use$fp
    dsqrt.o(x$fpl$dsqrt) refers to dcheck1.o(x$fpl$dcheck1) for __fpl_dcheck_NaN1
    dunder.o(x$fpl$dunder) refers (Special) to usenofp.o(x$fpl$usenofp) for __I$use$fp
    fcheck.o(x$fpl$fcheck) refers (Special) to usenofp.o(x$fpl$usenofp) for __I$use$fp
    fcheck.o(x$fpl$fcheck) refers to retnan.o(x$fpl$retnan) for __fpl_return_NaN
    fcheck1.o(x$fpl$fcheck1) refers (Special) to usenofp.o(x$fpl$usenofp) for __I$use$fp
    fcheck1.o(x$fpl$fcheck1) refers to retnan.o(x$fpl$retnan) for __fpl_return_NaN
    fnorm2_clz.o(x$fpl$fnorm2) refers (Special) to usenofp.o(x$fpl$usenofp) for __I$use$fp
    funder.o(x$fpl$funder) refers (Special) to usenofp.o(x$fpl$usenofp) for __I$use$fp
    istatus.o(x$fpl$ieeestatus) refers (Special) to usenofp.o(x$fpl$usenofp) for __I$use$fp
    scalbn.o(x$fpl$scalbnl) refers (Special) to usenofp.o(x$fpl$usenofp) for __I$use$fp
    scalbn.o(x$fpl$scalbnl) refers to scalbn.o(x$fpl$scalbn) for scalbn
    scalbn.o(x$fpl$scalblnl) refers (Special) to usenofp.o(x$fpl$usenofp) for __I$use$fp
    scalbn.o(x$fpl$scalblnl) refers to scalbn.o(x$fpl$scalbn) for scalbn
    scalbn.o(x$fpl$scalbln) refers (Special) to usenofp.o(x$fpl$usenofp) for __I$use$fp
    scalbn.o(x$fpl$scalbln) refers to scalbn.o(x$fpl$scalbn) for scalbn
    scalbn.o(x$fpl$scalbn) refers (Special) to usenofp.o(x$fpl$usenofp) for __I$use$fp
    scalbn.o(x$fpl$scalbn) refers to dcheck1.o(x$fpl$dcheck1) for __fpl_dcheck_NaN1
    cos_i.o(i.__kernel_cos) refers (Special) to usenofp.o(x$fpl$usenofp) for __I$use$fp
    cos_i.o(i.__kernel_cos) refers to dfix.o(x$fpl$dfix) for __aeabi_d2iz
    cos_i.o(i.__kernel_cos) refers to dmul.o(x$fpl$dmul) for __aeabi_dmul
    cos_i.o(i.__kernel_cos) refers to poly.o(i.__kernel_poly) for __kernel_poly
    cos_i.o(i.__kernel_cos) refers to daddsub_clz.o(x$fpl$dsub) for __aeabi_dsub
    cos_i.o(i.__kernel_cos) refers to scalbn.o(x$fpl$scalbn) for scalbn
    cos_i.o(i.__kernel_cos) refers to daddsub_clz.o(x$fpl$drsb) for __aeabi_drsub
    cos_i.o(i.__kernel_cos) refers to cos_i.o(.constdata) for .constdata
    cos_i.o(.constdata) refers (Special) to usenofp.o(x$fpl$usenofp) for __I$use$fp
    dunder.o(i.__mathlib_dbl_underflow) refers to scalbn.o(x$fpl$scalbn) for scalbn
    expm1_i.o(i.__mathlib_expm1) refers (Special) to usenofp.o(x$fpl$usenofp) for __I$use$fp
    expm1_i.o(i.__mathlib_expm1) refers to scalbn.o(x$fpl$scalbn) for scalbn
    expm1_i.o(i.__mathlib_expm1) refers to drleqf.o(x$fpl$drleqf) for __aeabi_cdrcmple
    expm1_i.o(i.__mathlib_expm1) refers to _rserrno.o(.text) for __set_errno
    expm1_i.o(i.__mathlib_expm1) refers to daddsub_clz.o(x$fpl$dadd) for __aeabi_dadd
    expm1_i.o(i.__mathlib_expm1) refers to dleqf.o(x$fpl$dleqf) for __aeabi_cdcmple
    expm1_i.o(i.__mathlib_expm1) refers to daddsub_clz.o(x$fpl$dsub) for __aeabi_dsub
    expm1_i.o(i.__mathlib_expm1) refers to dmul.o(x$fpl$dmul) for __aeabi_dmul
    expm1_i.o(i.__mathlib_expm1) refers to dfix.o(x$fpl$dfix) for __aeabi_d2iz
    expm1_i.o(i.__mathlib_expm1) refers to dflt_clz.o(x$fpl$dflt) for __aeabi_i2d
    expm1_i.o(i.__mathlib_expm1) refers to daddsub_clz.o(x$fpl$drsb) for __aeabi_drsub
    expm1_i.o(i.__mathlib_expm1) refers to poly.o(i.__kernel_poly) for __kernel_poly
    expm1_i.o(i.__mathlib_expm1) refers to ddiv.o(x$fpl$ddiv) for __aeabi_ddiv
    expm1_i.o(i.__mathlib_expm1) refers to expm1_i.o(.constdata) for .constdata
    expm1_i.o(.constdata) refers (Special) to usenofp.o(x$fpl$usenofp) for __I$use$fp
    expm1_i_x.o(i.____mathlib_expm1$c99) refers (Special) to usenofp.o(x$fpl$usenofp) for __I$use$fp
    expm1_i_x.o(i.____mathlib_expm1$c99) refers to scalbn.o(x$fpl$scalbn) for scalbn
    expm1_i_x.o(i.____mathlib_expm1$c99) refers to drleqf.o(x$fpl$drleqf) for __aeabi_cdrcmple
    expm1_i_x.o(i.____mathlib_expm1$c99) refers to _rserrno.o(.text) for __set_errno
    expm1_i_x.o(i.____mathlib_expm1$c99) refers to daddsub_clz.o(x$fpl$dadd) for __aeabi_dadd
    expm1_i_x.o(i.____mathlib_expm1$c99) refers to dleqf.o(x$fpl$dleqf) for __aeabi_cdcmple
    expm1_i_x.o(i.____mathlib_expm1$c99) refers to daddsub_clz.o(x$fpl$dsub) for __aeabi_dsub
    expm1_i_x.o(i.____mathlib_expm1$c99) refers to dmul.o(x$fpl$dmul) for __aeabi_dmul
    expm1_i_x.o(i.____mathlib_expm1$c99) refers to dfix.o(x$fpl$dfix) for __aeabi_d2iz
    expm1_i_x.o(i.____mathlib_expm1$c99) refers to dflt_clz.o(x$fpl$dflt) for __aeabi_i2d
    expm1_i_x.o(i.____mathlib_expm1$c99) refers to daddsub_clz.o(x$fpl$drsb) for __aeabi_drsub
    expm1_i_x.o(i.____mathlib_expm1$c99) refers to fpclassify.o(i.__ARM_fpclassify) for __ARM_fpclassify
    expm1_i_x.o(i.____mathlib_expm1$c99) refers to dunder.o(i.__mathlib_dbl_underflow) for __mathlib_dbl_underflow
    expm1_i_x.o(i.____mathlib_expm1$c99) refers to poly.o(i.__kernel_poly) for __kernel_poly
    expm1_i_x.o(i.____mathlib_expm1$c99) refers to ddiv.o(x$fpl$ddiv) for __aeabi_ddiv
    expm1_i_x.o(i.____mathlib_expm1$c99) refers to expm1_i_x.o(.constdata) for .constdata
    expm1_i_x.o(.constdata) refers (Special) to usenofp.o(x$fpl$usenofp) for __I$use$fp
    fpclassify.o(i.__ARM_fpclassify) refers (Special) to usenofp.o(x$fpl$usenofp) for __I$use$fp
    poly.o(i.__kernel_poly) refers (Special) to usenofp.o(x$fpl$usenofp) for __I$use$fp
    poly.o(i.__kernel_poly) refers to dmul.o(x$fpl$dmul) for __aeabi_dmul
    poly.o(i.__kernel_poly) refers to daddsub_clz.o(x$fpl$dadd) for __aeabi_dadd
    qnan.o(.constdata) refers (Special) to usenofp.o(x$fpl$usenofp) for __I$use$fp
    rred.o(i.__ieee754_rem_pio2) refers (Special) to usenofp.o(x$fpl$usenofp) for __I$use$fp
    rred.o(i.__ieee754_rem_pio2) refers to daddsub_clz.o(x$fpl$dsub) for __aeabi_dsub
    rred.o(i.__ieee754_rem_pio2) refers to daddsub_clz.o(x$fpl$dadd) for __aeabi_dadd
    rred.o(i.__ieee754_rem_pio2) refers to dmul.o(x$fpl$dmul) for __aeabi_dmul
    rred.o(i.__ieee754_rem_pio2) refers to dfix.o(x$fpl$dfix) for __aeabi_d2iz
    rred.o(i.__ieee754_rem_pio2) refers to dflt_clz.o(x$fpl$dflt) for __aeabi_i2d
    rred.o(i.__ieee754_rem_pio2) refers to daddsub_clz.o(x$fpl$drsb) for __aeabi_drsub
    rred.o(i.__ieee754_rem_pio2) refers to rred.o(.constdata) for .constdata
    rred.o(i.__ieee754_rem_pio2) refers to drem_clz.o(x$fpl$drem) for _drem
    rred.o(i.__ieee754_rem_pio2) refers to ddiv.o(x$fpl$ddiv) for __aeabi_ddiv
    rred.o(i.__ieee754_rem_pio2) refers to scalbn.o(x$fpl$scalbn) for scalbn
    rred.o(.constdata) refers (Special) to usenofp.o(x$fpl$usenofp) for __I$use$fp
    sin_i.o(i.__kernel_sin) refers (Special) to usenofp.o(x$fpl$usenofp) for __I$use$fp
    sin_i.o(i.__kernel_sin) refers to dmul.o(x$fpl$dmul) for __aeabi_dmul
    sin_i.o(i.__kernel_sin) refers to poly.o(i.__kernel_poly) for __kernel_poly
    sin_i.o(i.__kernel_sin) refers to daddsub_clz.o(x$fpl$dadd) for __aeabi_dadd
    sin_i.o(i.__kernel_sin) refers to scalbn.o(x$fpl$scalbn) for scalbn
    sin_i.o(i.__kernel_sin) refers to daddsub_clz.o(x$fpl$dsub) for __aeabi_dsub
    sin_i.o(i.__kernel_sin) refers to daddsub_clz.o(x$fpl$drsb) for __aeabi_drsub
    sin_i.o(i.__kernel_sin) refers to sin_i.o(.constdata) for .constdata
    sin_i.o(.constdata) refers (Special) to usenofp.o(x$fpl$usenofp) for __I$use$fp
    sin_i_x.o(i.____kernel_sin$c99) refers (Special) to usenofp.o(x$fpl$usenofp) for __I$use$fp
    sin_i_x.o(i.____kernel_sin$c99) refers to fpclassify.o(i.__ARM_fpclassify) for __ARM_fpclassify
    sin_i_x.o(i.____kernel_sin$c99) refers to dunder.o(i.__mathlib_dbl_underflow) for __mathlib_dbl_underflow
    sin_i_x.o(i.____kernel_sin$c99) refers to dmul.o(x$fpl$dmul) for __aeabi_dmul
    sin_i_x.o(i.____kernel_sin$c99) refers to poly.o(i.__kernel_poly) for __kernel_poly
    sin_i_x.o(i.____kernel_sin$c99) refers to daddsub_clz.o(x$fpl$dadd) for __aeabi_dadd
    sin_i_x.o(i.____kernel_sin$c99) refers to scalbn.o(x$fpl$scalbn) for scalbn
    sin_i_x.o(i.____kernel_sin$c99) refers to daddsub_clz.o(x$fpl$dsub) for __aeabi_dsub
    sin_i_x.o(i.____kernel_sin$c99) refers to daddsub_clz.o(x$fpl$drsb) for __aeabi_drsub
    sin_i_x.o(i.____kernel_sin$c99) refers to sin_i_x.o(.constdata) for .constdata
    sin_i_x.o(.constdata) refers (Special) to usenofp.o(x$fpl$usenofp) for __I$use$fp
    tan_i.o(i.__kernel_tan) refers (Special) to usenofp.o(x$fpl$usenofp) for __I$use$fp
    tan_i.o(i.__kernel_tan) refers to dfix.o(x$fpl$dfix) for __aeabi_d2iz
    tan_i.o(i.__kernel_tan) refers to ddiv.o(x$fpl$ddiv) for __aeabi_ddiv
    tan_i.o(i.__kernel_tan) refers to daddsub_clz.o(x$fpl$drsb) for __aeabi_drsub
    tan_i.o(i.__kernel_tan) refers to daddsub_clz.o(x$fpl$dsub) for __aeabi_dsub
    tan_i.o(i.__kernel_tan) refers to daddsub_clz.o(x$fpl$dadd) for __aeabi_dadd
    tan_i.o(i.__kernel_tan) refers to dmul.o(x$fpl$dmul) for __aeabi_dmul
    tan_i.o(i.__kernel_tan) refers to poly.o(i.__kernel_poly) for __kernel_poly
    tan_i.o(i.__kernel_tan) refers to dflt_clz.o(x$fpl$dflt) for __aeabi_i2d
    tan_i.o(i.__kernel_tan) refers to scalbn.o(x$fpl$scalbn) for scalbn
    tan_i.o(i.__kernel_tan) refers to tan_i.o(.constdata) for .constdata
    tan_i.o(.constdata) refers (Special) to usenofp.o(x$fpl$usenofp) for __I$use$fp
    tan_i_x.o(i.____kernel_tan$c99) refers (Special) to usenofp.o(x$fpl$usenofp) for __I$use$fp
    tan_i_x.o(i.____kernel_tan$c99) refers to dfix.o(x$fpl$dfix) for __aeabi_d2iz
    tan_i_x.o(i.____kernel_tan$c99) refers to ddiv.o(x$fpl$ddiv) for __aeabi_ddiv
    tan_i_x.o(i.____kernel_tan$c99) refers to fpclassify.o(i.__ARM_fpclassify) for __ARM_fpclassify
    tan_i_x.o(i.____kernel_tan$c99) refers to dunder.o(i.__mathlib_dbl_underflow) for __mathlib_dbl_underflow
    tan_i_x.o(i.____kernel_tan$c99) refers to daddsub_clz.o(x$fpl$drsb) for __aeabi_drsub
    tan_i_x.o(i.____kernel_tan$c99) refers to daddsub_clz.o(x$fpl$dsub) for __aeabi_dsub
    tan_i_x.o(i.____kernel_tan$c99) refers to daddsub_clz.o(x$fpl$dadd) for __aeabi_dadd
    tan_i_x.o(i.____kernel_tan$c99) refers to dmul.o(x$fpl$dmul) for __aeabi_dmul
    tan_i_x.o(i.____kernel_tan$c99) refers to poly.o(i.__kernel_poly) for __kernel_poly
    tan_i_x.o(i.____kernel_tan$c99) refers to dflt_clz.o(x$fpl$dflt) for __aeabi_i2d
    tan_i_x.o(i.____kernel_tan$c99) refers to scalbn.o(x$fpl$scalbn) for scalbn
    tan_i_x.o(i.____kernel_tan$c99) refers to tan_i_x.o(.constdata) for .constdata
    tan_i_x.o(.constdata) refers (Special) to usenofp.o(x$fpl$usenofp) for __I$use$fp
    libspace.o(.text) refers to libspace.o(.bss) for __libspace_start
    argv_veneer.o(.emb_text) refers to no_argv.o(.text) for __ARM_get_argv
    retnan.o(x$fpl$retnan) refers (Special) to usenofp.o(x$fpl$usenofp) for __I$use$fp
    retnan.o(x$fpl$retnan) refers to trapv.o(x$fpl$trapveneer) for __fpl_cmpreturn
    trapv.o(x$fpl$trapveneer) refers (Special) to usenofp.o(x$fpl$usenofp) for __I$use$fp
    _get_argv_nomalloc.o(.text) refers (Special) to hrguard.o(.text) for __heap_region$guard
    _get_argv_nomalloc.o(.text) refers to defsig_rtmem_formal.o(.text) for __rt_SIGRTMEM
    _get_argv_nomalloc.o(.text) refers to sys_command.o(.text) for _sys_command_string
    sys_command.o(.text) refers (Special) to use_no_semi.o(.text) for __I$use$semihosting
    defsig_rtmem_outer.o(.text) refers to defsig_rtmem_inner.o(.text) for __rt_SIGRTMEM_inner
    defsig_rtmem_outer.o(.text) refers to defsig_exit.o(.text) for __sig_exit
    defsig_rtmem_formal.o(.text) refers to armrt.ol(.text) for __rt_raise
    defsig_exit.o(.text) refers to sys_exit.o(.text) for _sys_exit
    defsig_rtmem_inner.o(.text) refers to defsig_general.o(.text) for __default_signal_display
    sys_exit.o(.text) refers to use_no_semi.o(.text) for __I$use$semihosting
    defsig_general.o(.text) refers to sys_wrch.o(.text) for _ttywrch
    sys_wrch.o(.text) refers (Special) to use_no_semi.o(.text) for __I$use$semihosting
    cardslot.o(.ARM.exidx) refers to cardslot.o(i.__ARM_common_switch8_thumb) for i.__ARM_common_switch8_thumb
    EMVCWrappers.o(.ARM.exidx) refers to EMVCWrappers.o(i._ZN10EMVAIDList7setDataEs6emvaid) for i._ZN10EMVAIDList7setDataEs6emvaid
    EMVCWrappers.o(.ARM.exidx) refers to EMVCWrappers.o(i._ZN10EMVAIDList15setCurrentIndexEt) for i._ZN10EMVAIDList15setCurrentIndexEt
    EMVSelection.o(.constdata__ZTV12EMVSelection) refers to EMVSelection.o(.constdata__ZTI12EMVSelection) for typeinfo for EMVSelection
    EMVSelection.o(.constdata__ZTV12EMVSelection) refers to EMVSelection.o(.text) for EMVSelection::emvDirectAppSelection(EMVAIDList&, EMVAIDList&, EMVTLVCollection&)
    EMVSelection.o(.ARM.exidx) refers to EMVSelection.o(i._ZN9EMVRawTLV20emvHasMoreTLVObjectsEv) for i._ZN9EMVRawTLV20emvHasMoreTLVObjectsEv
    EMVSelection.o(.ARM.exidx) refers to EMVSelection.o(i._ZNK10EMVAIDList11getAIDCountEv) for i._ZNK10EMVAIDList11getAIDCountEv
    EMVSelection.o(.ARM.exidx) refers to EMVSelection.o(i._ZN7SFIList11pushSFIListEh) for i._ZN7SFIList11pushSFIListEh
    EMVSelection.o(.ARM.exidx) refers to EMVSelection.o(i._ZN7SFIList10popSFIListEv) for i._ZN7SFIList10popSFIListEv
    EMVSelection.o(.constdata__ZTI12EMVSelection) refers to lib_rtti_impl.o(.constdata__ZTVN10__cxxabiv117__class_type_infoE) for vtable for __cxxabiv1::__class_type_info
    EMVSelection.o(.constdata__ZTI12EMVSelection) refers to EMVSelection.o(.constdata__ZTS12EMVSelection) for typeinfo name for EMVSelection
    EMVSelection.o(.ARM.exidx) refers to EMVSelection.o(i.__ARM_common_call_via_r2_thumb) for i.__ARM_common_call_via_r2_thumb
    EMVSelection.o(.ARM.exidx) refers to EMVSelection.o(i.__ARM_common_call_via_r1_thumb) for i.__ARM_common_call_via_r1_thumb
    EMVCmdSet.o(.constdata__ZTV9EMVCmdSet) refers to EMVCmdSet.o(.constdata__ZTI9EMVCmdSet) for typeinfo for EMVCmdSet
    EMVCmdSet.o(.constdata__ZTV9EMVCmdSet) refers to EMVCmdSet.o(.text) for EMVCmdSet::~EMVCmdSet()
    EMVCmdSet.o(.constdata__ZTI9EMVCmdSet) refers to lib_rtti_impl.o(.constdata__ZTVN10__cxxabiv117__class_type_infoE) for vtable for __cxxabiv1::__class_type_info
    EMVCmdSet.o(.constdata__ZTI9EMVCmdSet) refers to EMVCmdSet.o(.constdata__ZTS9EMVCmdSet) for typeinfo name for EMVCmdSet
    EMVRiskMgmt.o(.constdata__ZTV11EMVRiskMgmt) refers to EMVRiskMgmt.o(.constdata__ZTI11EMVRiskMgmt) for typeinfo for EMVRiskMgmt
    EMVRiskMgmt.o(.constdata__ZTV11EMVRiskMgmt) refers to EMVRiskMgmt.o(.text) for EMVRiskMgmt::emvProcessRestrictions(EMVTLVCollection&, EMVTxnStatus&)
    EMVRiskMgmt.o(.constdata__ZTI11EMVRiskMgmt) refers to lib_rtti_impl.o(.constdata__ZTVN10__cxxabiv117__class_type_infoE) for vtable for __cxxabiv1::__class_type_info
    EMVRiskMgmt.o(.constdata__ZTI11EMVRiskMgmt) refers to EMVRiskMgmt.o(.constdata__ZTS11EMVRiskMgmt) for typeinfo name for EMVRiskMgmt
    EMVRiskMgmt.o(.ARM.exidx) refers to EMVRiskMgmt.o(i.__ARM_common_call_via_r0_thumb) for i.__ARM_common_call_via_r0_thumb
    EMVRiskMgmt.o(.ARM.exidx) refers to EMVRiskMgmt.o(i.__ARM_common_call_via_r3_thumb) for i.__ARM_common_call_via_r3_thumb
    EUtils.o(.ARM.exidx) refers to EUtils.o(i.__ARM_common_call_via_r4_thumb) for i.__ARM_common_call_via_r4_thumb
    EMVVerifyCard.o(.constdata__ZTV13EMVVerifyCard) refers to EMVVerifyCard.o(.constdata__ZTI13EMVVerifyCard) for typeinfo for EMVVerifyCard
    EMVVerifyCard.o(.constdata__ZTV13EMVVerifyCard) refers to EMVVerifyCard.o(.text) for EMVVerifyCard::emvOfflinePlainPINVerify(EMVTLVCollection&, EMVTxnStatus&)
    EMVVerifyCard.o(.ARM.exidx) refers to EMVVerifyCard.o(i._ZN7EMVData5resetEv) for i._ZN7EMVData5resetEv
    EMVVerifyCard.o(.ARM.exidx) refers to EMVVerifyCard.o(i._ZN10EMVPinData14setPINTryCountEs) for i._ZN10EMVPinData14setPINTryCountEs
    EMVVerifyCard.o(.constdata__ZTI13EMVVerifyCard) refers to lib_rtti_impl.o(.constdata__ZTVN10__cxxabiv121__vmi_class_type_infoE) for vtable for __cxxabiv1::__vmi_class_type_info
    EMVVerifyCard.o(.constdata__ZTI13EMVVerifyCard) refers to EMVVerifyCard.o(.constdata__ZTS13EMVVerifyCard) for typeinfo name for EMVVerifyCard
    EMVVerifyCard.o(.constdata__ZTI13EMVVerifyCard) refers to EMVVerifyCard.o(.constdata__ZTI9EMVSecure) for typeinfo for EMVSecure
    EMVVerifyCard.o(.constdata__ZTI9EMVSecure) refers to lib_rtti_impl.o(.constdata__ZTVN10__cxxabiv117__class_type_infoE) for vtable for __cxxabiv1::__class_type_info
    EMVVerifyCard.o(.constdata__ZTI9EMVSecure) refers to EMVVerifyCard.o(.constdata__ZTS9EMVSecure) for typeinfo name for EMVSecure
    EMVVerifyCard.o(.ARM.exidx) refers to EMVVerifyCard.o(i.__ARM_common_call_via_r7_thumb) for i.__ARM_common_call_via_r7_thumb
    EMVVerifyCard.o(.ARM.exidx) refers to EMVVerifyCard.o(i.__ARM_common_call_via_r5_thumb) for i.__ARM_common_call_via_r5_thumb
    datauth.o(.constdata__ZTV21EMVDataAuthentication) refers to datauth.o(.constdata__ZTI21EMVDataAuthentication) for typeinfo for EMVDataAuthentication
    datauth.o(.constdata__ZTV21EMVDataAuthentication) refers to datauth.o(.text) for EMVDataAuthentication::emvPerformSDA(EMVTLVCollection&, const unsigned char*, short)
    datauth.o(.constdata__ZTI21EMVDataAuthentication) refers to lib_rtti_impl.o(.constdata__ZTVN10__cxxabiv121__vmi_class_type_infoE) for vtable for __cxxabiv1::__vmi_class_type_info
    datauth.o(.constdata__ZTI21EMVDataAuthentication) refers to datauth.o(.constdata__ZTS21EMVDataAuthentication) for typeinfo name for EMVDataAuthentication
    datauth.o(.constdata__ZTI21EMVDataAuthentication) refers to EMVVerifyCard.o(.constdata__ZTI9EMVSecure) for typeinfo for EMVSecure
    EMVDOLHandler.o(.constdata__ZTV13EMVDOLHandler) refers to EMVDOLHandler.o(.constdata__ZTI13EMVDOLHandler) for typeinfo for EMVDOLHandler
    EMVDOLHandler.o(.constdata__ZTV13EMVDOLHandler) refers to EMVDOLHandler.o(.text) for EMVDOLHandler::emvValidatePDOL(EMVTLVObject)
    EMVDOLHandler.o(.constdata__ZTI13EMVDOLHandler) refers to lib_rtti_impl.o(.constdata__ZTVN10__cxxabiv117__class_type_infoE) for vtable for __cxxabiv1::__class_type_info
    EMVDOLHandler.o(.constdata__ZTI13EMVDOLHandler) refers to EMVDOLHandler.o(.constdata__ZTS13EMVDOLHandler) for typeinfo name for EMVDOLHandler
    EMVScriptProc.o(.constdata__ZTV13EMVScriptProc) refers to EMVScriptProc.o(.constdata__ZTI13EMVScriptProc) for typeinfo for EMVScriptProc
    EMVScriptProc.o(.constdata__ZTV13EMVScriptProc) refers to EMVScriptProc.o(.text) for EMVScriptProc::emvProcessTag71Script(EMVTLVCollection&, EMVTxnStatus&, unsigned char*)
    EMVScriptProc.o(.constdata__ZTI13EMVScriptProc) refers to lib_rtti_impl.o(.constdata__ZTVN10__cxxabiv117__class_type_infoE) for vtable for __cxxabiv1::__class_type_info
    EMVScriptProc.o(.constdata__ZTI13EMVScriptProc) refers to EMVScriptProc.o(.constdata__ZTS13EMVScriptProc) for typeinfo name for EMVScriptProc
    EMVScriptProc.o(.ARM.exidx) refers to EMVScriptProc.o(i.__ARM_common_call_via_r6_thumb) for i.__ARM_common_call_via_r6_thumb
    lib_rtti_impl.o(.constdata__ZTVN10__cxxabiv123__fundamental_type_infoE) refers to lib_rtti_impl.o(.constdata__ZTIN10__cxxabiv123__fundamental_type_infoE) for typeinfo for __cxxabiv1::__fundamental_type_info
    lib_rtti_impl.o(.constdata__ZTVN10__cxxabiv123__fundamental_type_infoE) refers to lib_rtti_impl.o(i._ZN10__cxxabiv123__fundamental_type_infoD1Ev) for __cxxabiv1::__fundamental_type_info::~__fundamental_type_info()
    lib_rtti_impl.o(.constdata__ZTVN10__cxxabiv123__fundamental_type_infoE) refers to lib_rtti_impl.o(i._ZN10__cxxabiv123__fundamental_type_infoD0Ev) for __cxxabiv1::__fundamental_type_info::~__fundamental_type_info__deallocating()
    lib_rtti_impl.o(.constdata__ZTVN10__cxxabiv117__array_type_infoE) refers to lib_rtti_impl.o(.constdata__ZTIN10__cxxabiv117__array_type_infoE) for typeinfo for __cxxabiv1::__array_type_info
    lib_rtti_impl.o(.constdata__ZTVN10__cxxabiv117__array_type_infoE) refers to lib_rtti_impl.o(i._ZN10__cxxabiv117__array_type_infoD1Ev) for __cxxabiv1::__array_type_info::~__array_type_info()
    lib_rtti_impl.o(.constdata__ZTVN10__cxxabiv117__array_type_infoE) refers to lib_rtti_impl.o(i._ZN10__cxxabiv117__array_type_infoD0Ev) for __cxxabiv1::__array_type_info::~__array_type_info__deallocating()
    lib_rtti_impl.o(.constdata__ZTVN10__cxxabiv120__function_type_infoE) refers to lib_rtti_impl.o(.constdata__ZTIN10__cxxabiv120__function_type_infoE) for typeinfo for __cxxabiv1::__function_type_info
    lib_rtti_impl.o(.constdata__ZTVN10__cxxabiv120__function_type_infoE) refers to lib_rtti_impl.o(i._ZN10__cxxabiv120__function_type_infoD1Ev) for __cxxabiv1::__function_type_info::~__function_type_info()
    lib_rtti_impl.o(.constdata__ZTVN10__cxxabiv120__function_type_infoE) refers to lib_rtti_impl.o(i._ZN10__cxxabiv120__function_type_infoD0Ev) for __cxxabiv1::__function_type_info::~__function_type_info__deallocating()
    lib_rtti_impl.o(.constdata__ZTVN10__cxxabiv116__enum_type_infoE) refers to lib_rtti_impl.o(.constdata__ZTIN10__cxxabiv116__enum_type_infoE) for typeinfo for __cxxabiv1::__enum_type_info
    lib_rtti_impl.o(.constdata__ZTVN10__cxxabiv116__enum_type_infoE) refers to lib_rtti_impl.o(i._ZN10__cxxabiv116__enum_type_infoD1Ev) for __cxxabiv1::__enum_type_info::~__enum_type_info()
    lib_rtti_impl.o(.constdata__ZTVN10__cxxabiv116__enum_type_infoE) refers to lib_rtti_impl.o(i._ZN10__cxxabiv116__enum_type_infoD0Ev) for __cxxabiv1::__enum_type_info::~__enum_type_info__deallocating()
    lib_rtti_impl.o(.constdata__ZTVN10__cxxabiv117__class_type_infoE) refers to lib_rtti_impl.o(.constdata__ZTIN10__cxxabiv117__class_type_infoE) for typeinfo for __cxxabiv1::__class_type_info
    lib_rtti_impl.o(.constdata__ZTVN10__cxxabiv117__class_type_infoE) refers to lib_rtti_impl.o(i._ZN10__cxxabiv117__class_type_infoD1Ev) for __cxxabiv1::__class_type_info::~__class_type_info()
    lib_rtti_impl.o(.constdata__ZTVN10__cxxabiv117__class_type_infoE) refers to lib_rtti_impl.o(i._ZN10__cxxabiv117__class_type_infoD0Ev) for __cxxabiv1::__class_type_info::~__class_type_info__deallocating()
    lib_rtti_impl.o(.constdata__ZTVN10__cxxabiv120__si_class_type_infoE) refers to lib_rtti_impl.o(.constdata__ZTIN10__cxxabiv120__si_class_type_infoE) for typeinfo for __cxxabiv1::__si_class_type_info
    lib_rtti_impl.o(.constdata__ZTVN10__cxxabiv120__si_class_type_infoE) refers to lib_rtti_impl.o(i._ZN10__cxxabiv120__si_class_type_infoD1Ev) for __cxxabiv1::__si_class_type_info::~__si_class_type_info()
    lib_rtti_impl.o(.constdata__ZTVN10__cxxabiv120__si_class_type_infoE) refers to lib_rtti_impl.o(i._ZN10__cxxabiv120__si_class_type_infoD0Ev) for __cxxabiv1::__si_class_type_info::~__si_class_type_info__deallocating()
    lib_rtti_impl.o(.constdata__ZTVN10__cxxabiv121__vmi_class_type_infoE) refers to lib_rtti_impl.o(.constdata__ZTIN10__cxxabiv121__vmi_class_type_infoE) for typeinfo for __cxxabiv1::__vmi_class_type_info
    lib_rtti_impl.o(.constdata__ZTVN10__cxxabiv121__vmi_class_type_infoE) refers to lib_rtti_impl.o(i._ZN10__cxxabiv121__vmi_class_type_infoD1Ev) for __cxxabiv1::__vmi_class_type_info::~__vmi_class_type_info()
    lib_rtti_impl.o(.constdata__ZTVN10__cxxabiv121__vmi_class_type_infoE) refers to lib_rtti_impl.o(i._ZN10__cxxabiv121__vmi_class_type_infoD0Ev) for __cxxabiv1::__vmi_class_type_info::~__vmi_class_type_info__deallocating()
    lib_rtti_impl.o(.constdata__ZTVN10__cxxabiv117__pbase_type_infoE) refers to lib_rtti_impl.o(.constdata__ZTIN10__cxxabiv117__pbase_type_infoE) for typeinfo for __cxxabiv1::__pbase_type_info
    lib_rtti_impl.o(.constdata__ZTVN10__cxxabiv117__pbase_type_infoE) refers to lib_rtti_impl.o(i._ZN10__cxxabiv117__pbase_type_infoD1Ev) for __cxxabiv1::__pbase_type_info::~__pbase_type_info()
    lib_rtti_impl.o(.constdata__ZTVN10__cxxabiv117__pbase_type_infoE) refers to lib_rtti_impl.o(i._ZN10__cxxabiv117__pbase_type_infoD0Ev) for __cxxabiv1::__pbase_type_info::~__pbase_type_info__deallocating()
    lib_rtti_impl.o(.constdata__ZTVN10__cxxabiv119__pointer_type_infoE) refers to lib_rtti_impl.o(.constdata__ZTIN10__cxxabiv119__pointer_type_infoE) for typeinfo for __cxxabiv1::__pointer_type_info
    lib_rtti_impl.o(.constdata__ZTVN10__cxxabiv119__pointer_type_infoE) refers to lib_rtti_impl.o(i._ZN10__cxxabiv119__pointer_type_infoD1Ev) for __cxxabiv1::__pointer_type_info::~__pointer_type_info()
    lib_rtti_impl.o(.constdata__ZTVN10__cxxabiv119__pointer_type_infoE) refers to lib_rtti_impl.o(i._ZN10__cxxabiv119__pointer_type_infoD0Ev) for __cxxabiv1::__pointer_type_info::~__pointer_type_info__deallocating()
    lib_rtti_impl.o(.constdata__ZTVN10__cxxabiv129__pointer_to_member_type_infoE) refers to lib_rtti_impl.o(.constdata__ZTIN10__cxxabiv129__pointer_to_member_type_infoE) for typeinfo for __cxxabiv1::__pointer_to_member_type_info
    lib_rtti_impl.o(.constdata__ZTVN10__cxxabiv129__pointer_to_member_type_infoE) refers to lib_rtti_impl.o(i._ZN10__cxxabiv129__pointer_to_member_type_infoD1Ev) for __cxxabiv1::__pointer_to_member_type_info::~__pointer_to_member_type_info()
    lib_rtti_impl.o(.constdata__ZTVN10__cxxabiv129__pointer_to_member_type_infoE) refers to lib_rtti_impl.o(i._ZN10__cxxabiv129__pointer_to_member_type_infoD0Ev) for __cxxabiv1::__pointer_to_member_type_info::~__pointer_to_member_type_info__deallocating()
    lib_rtti_impl.o(.constdata__ZTIN10__cxxabiv123__fundamental_type_infoE) refers to lib_rtti_impl.o(.constdata__ZTVN10__cxxabiv120__si_class_type_infoE) for vtable for __cxxabiv1::__si_class_type_info
    lib_rtti_impl.o(.constdata__ZTIN10__cxxabiv123__fundamental_type_infoE) refers to lib_rtti_impl.o(.constdata__ZTSN10__cxxabiv123__fundamental_type_infoE) for typeinfo name for __cxxabiv1::__fundamental_type_info
    lib_rtti_impl.o(.constdata__ZTIN10__cxxabiv123__fundamental_type_infoE) refers to type_info_dtor.o(.constdata__ZTISt9type_info) for typeinfo for std::type_info
    lib_rtti_impl.o(.constdata__ZTIN10__cxxabiv117__array_type_infoE) refers to lib_rtti_impl.o(.constdata__ZTVN10__cxxabiv120__si_class_type_infoE) for vtable for __cxxabiv1::__si_class_type_info
    lib_rtti_impl.o(.constdata__ZTIN10__cxxabiv117__array_type_infoE) refers to lib_rtti_impl.o(.constdata__ZTSN10__cxxabiv117__array_type_infoE) for typeinfo name for __cxxabiv1::__array_type_info
    lib_rtti_impl.o(.constdata__ZTIN10__cxxabiv117__array_type_infoE) refers to type_info_dtor.o(.constdata__ZTISt9type_info) for typeinfo for std::type_info
    lib_rtti_impl.o(.constdata__ZTIN10__cxxabiv120__function_type_infoE) refers to lib_rtti_impl.o(.constdata__ZTVN10__cxxabiv120__si_class_type_infoE) for vtable for __cxxabiv1::__si_class_type_info
    lib_rtti_impl.o(.constdata__ZTIN10__cxxabiv120__function_type_infoE) refers to lib_rtti_impl.o(.constdata__ZTSN10__cxxabiv120__function_type_infoE) for typeinfo name for __cxxabiv1::__function_type_info
    lib_rtti_impl.o(.constdata__ZTIN10__cxxabiv120__function_type_infoE) refers to type_info_dtor.o(.constdata__ZTISt9type_info) for typeinfo for std::type_info
    lib_rtti_impl.o(.constdata__ZTIN10__cxxabiv116__enum_type_infoE) refers to lib_rtti_impl.o(.constdata__ZTVN10__cxxabiv120__si_class_type_infoE) for vtable for __cxxabiv1::__si_class_type_info
    lib_rtti_impl.o(.constdata__ZTIN10__cxxabiv116__enum_type_infoE) refers to lib_rtti_impl.o(.constdata__ZTSN10__cxxabiv116__enum_type_infoE) for typeinfo name for __cxxabiv1::__enum_type_info
    lib_rtti_impl.o(.constdata__ZTIN10__cxxabiv116__enum_type_infoE) refers to type_info_dtor.o(.constdata__ZTISt9type_info) for typeinfo for std::type_info
    lib_rtti_impl.o(.constdata__ZTIN10__cxxabiv117__class_type_infoE) refers to lib_rtti_impl.o(.constdata__ZTVN10__cxxabiv120__si_class_type_infoE) for vtable for __cxxabiv1::__si_class_type_info
    lib_rtti_impl.o(.constdata__ZTIN10__cxxabiv117__class_type_infoE) refers to lib_rtti_impl.o(.constdata__ZTSN10__cxxabiv117__class_type_infoE) for typeinfo name for __cxxabiv1::__class_type_info
    lib_rtti_impl.o(.constdata__ZTIN10__cxxabiv117__class_type_infoE) refers to type_info_dtor.o(.constdata__ZTISt9type_info) for typeinfo for std::type_info
    lib_rtti_impl.o(.constdata__ZTIN10__cxxabiv120__si_class_type_infoE) refers to lib_rtti_impl.o(.constdata__ZTVN10__cxxabiv120__si_class_type_infoE) for vtable for __cxxabiv1::__si_class_type_info
    lib_rtti_impl.o(.constdata__ZTIN10__cxxabiv120__si_class_type_infoE) refers to lib_rtti_impl.o(.constdata__ZTSN10__cxxabiv120__si_class_type_infoE) for typeinfo name for __cxxabiv1::__si_class_type_info
    lib_rtti_impl.o(.constdata__ZTIN10__cxxabiv120__si_class_type_infoE) refers to lib_rtti_impl.o(.constdata__ZTIN10__cxxabiv117__class_type_infoE) for typeinfo for __cxxabiv1::__class_type_info
    lib_rtti_impl.o(.constdata__ZTIN10__cxxabiv121__vmi_class_type_infoE) refers to lib_rtti_impl.o(.constdata__ZTVN10__cxxabiv120__si_class_type_infoE) for vtable for __cxxabiv1::__si_class_type_info
    lib_rtti_impl.o(.constdata__ZTIN10__cxxabiv121__vmi_class_type_infoE) refers to lib_rtti_impl.o(.constdata__ZTSN10__cxxabiv121__vmi_class_type_infoE) for typeinfo name for __cxxabiv1::__vmi_class_type_info
    lib_rtti_impl.o(.constdata__ZTIN10__cxxabiv121__vmi_class_type_infoE) refers to lib_rtti_impl.o(.constdata__ZTIN10__cxxabiv117__class_type_infoE) for typeinfo for __cxxabiv1::__class_type_info
    lib_rtti_impl.o(.constdata__ZTIN10__cxxabiv117__pbase_type_infoE) refers to lib_rtti_impl.o(.constdata__ZTVN10__cxxabiv120__si_class_type_infoE) for vtable for __cxxabiv1::__si_class_type_info
    lib_rtti_impl.o(.constdata__ZTIN10__cxxabiv117__pbase_type_infoE) refers to lib_rtti_impl.o(.constdata__ZTSN10__cxxabiv117__pbase_type_infoE) for typeinfo name for __cxxabiv1::__pbase_type_info
    lib_rtti_impl.o(.constdata__ZTIN10__cxxabiv117__pbase_type_infoE) refers to type_info_dtor.o(.constdata__ZTISt9type_info) for typeinfo for std::type_info
    lib_rtti_impl.o(.constdata__ZTIN10__cxxabiv119__pointer_type_infoE) refers to lib_rtti_impl.o(.constdata__ZTVN10__cxxabiv120__si_class_type_infoE) for vtable for __cxxabiv1::__si_class_type_info
    lib_rtti_impl.o(.constdata__ZTIN10__cxxabiv119__pointer_type_infoE) refers to lib_rtti_impl.o(.constdata__ZTSN10__cxxabiv119__pointer_type_infoE) for typeinfo name for __cxxabiv1::__pointer_type_info
    lib_rtti_impl.o(.constdata__ZTIN10__cxxabiv119__pointer_type_infoE) refers to lib_rtti_impl.o(.constdata__ZTIN10__cxxabiv117__pbase_type_infoE) for typeinfo for __cxxabiv1::__pbase_type_info
    lib_rtti_impl.o(.constdata__ZTIN10__cxxabiv129__pointer_to_member_type_infoE) refers to lib_rtti_impl.o(.constdata__ZTVN10__cxxabiv120__si_class_type_infoE) for vtable for __cxxabiv1::__si_class_type_info
    lib_rtti_impl.o(.constdata__ZTIN10__cxxabiv129__pointer_to_member_type_infoE) refers to lib_rtti_impl.o(.constdata__ZTSN10__cxxabiv129__pointer_to_member_type_infoE) for typeinfo name for __cxxabiv1::__pointer_to_member_type_info
    lib_rtti_impl.o(.constdata__ZTIN10__cxxabiv129__pointer_to_member_type_infoE) refers to lib_rtti_impl.o(.constdata__ZTIN10__cxxabiv117__pbase_type_infoE) for typeinfo for __cxxabiv1::__pbase_type_info
    type_info_dtor.o(.constdata__ZTVSt9type_info) refers to type_info_dtor.o(.constdata__ZTISt9type_info) for typeinfo for std::type_info
    type_info_dtor.o(.constdata__ZTVSt9type_info) refers to type_info_dtor.o(i._ZNSt9type_infoD1Ev) for std::type_info::~type_info()
    type_info_dtor.o(.constdata__ZTVSt9type_info) refers to type_info_dtor.o(i._ZNSt9type_infoD0Ev) for std::type_info::~type_info__deallocating()
    type_info_dtor.o(.constdata__ZTISt9type_info) refers to lib_rtti_impl.o(.constdata__ZTVN10__cxxabiv117__class_type_infoE) for vtable for __cxxabiv1::__class_type_info
    type_info_dtor.o(.constdata__ZTISt9type_info) refers to type_info_dtor.o(.constdata__ZTSSt9type_info) for typeinfo name for std::type_info


==============================================================================

Memory Map of the image

  Image Entry point : 0x7042010d

  Load Region LOAD (Base: 0x70420040, Size: 0x00064b90, Max: 0xffffffff, ABSOLUTE)

    Execution Region CODE (Base: 0x70420040, Size: 0x00063a18, Max: 0xffffffff, ABSOLUTE)

    Base Addr    Size         Type   Attr      Idx    E Section Name        Object

    0x70420040   0x00000020   Code   RO            1    .0_vrx_pgmhdr       vrxcrt_t.o(verix11.lib)
    0x70420060   0x00000010   Code   RO            2    .1_vrx_libtbl       vrxcrt_t.o(verix11.lib)
    0x70420070   0x00000010   Code   RO          201    .1_vrx_libtbl       svc_net.o
    0x70420080   0x00000010   Code   RO          203    .1_vrx_libtbl       ssl.o
    0x70420090   0x00000010   Code   RO          205    .1_vrx_libtbl       ceif.o
    0x704200a0   0x00000010   Code   RO          207    .1_vrx_libtbl       elog.o
    0x704200b0   0x00000010   Code   RO          209    .1_vrx_libtbl       vxgps.o
    0x704200c0   0x00000010   Code   RO          211    .1_vrx_libtbl       vxgeof.o
    0x704200d0   0x00000010   Code   RO          213    .1_vrx_libtbl       ctls.o
    0x704200e0   0x00000010   Code   RO          215    .1_vrx_libtbl       lsys.o
    0x704200f0   0x00000010   Code   RO          217    .1_vrx_libtbl       escr.o
    0x70420100   0x00000004   Code   RO            3    .2_vrx_libend       vrxcrt_t.o(verix11.lib)
    0x70420104   0x00000000   Code   RO          785    .ARM.Collect$$libinit$$0000000D  libinit2.o(c_5.b)
    0x70420104   0x00000000   Code   RO          815    .ARM.Collect$$libinit$$0000002E  libinit2.o(c_5.b)
    0x70420104   0x00000006   Code   RO          817    .ARM.Collect$$libshutdown$$00000001  libshutdown2.o(c_5.b)
    0x7042010a   0x00000002   PAD
    0x7042010c   0x000000c4   Code   RO            4  * .text               vrxcrt_t.o(verix11.lib)
    0x704201d0   0x000000bc   Code   RO            6    .text               adler32.o
    0x7042028c   0x00000560   Code   RO            7    .text               crc32.o
    0x704207ec   0x00000354   Code   RO            9    .text               inffast.o
    0x70420b40   0x00001388   Code   RO           10    .text               inflate.o
    0x70421ec8   0x00000328   Code   RO           12    .text               inftrees.o
    0x704221f0   0x00000038   Code   RO           17    .text               zutil.o
    0x70422228   0x00003490   Code   RO           20    .text               Contactless.o
    0x704256b8   0x00002c6c   Code   RO           24    .text               IrisComm.o
    0x70428324   0x0000026c   Code   RO           30    .text               Prtean128.o
    0x70428590   0x00000208   Code   RO           32    .text               Prtean13.o
    0x70428798   0x00000026   Code   RO           38    .text               alloc.o
    0x704287be   0x00000002   PAD
    0x704287c0   0x00000adc   Code   RO           39    .text               as2805.o
    0x7042929c   0x000004b6   Code   RO           42    .text               comms.o
    0x70429752   0x00000002   PAD
    0x70429754   0x00001fa8   Code   RO           46    .text               ctlsmod.o
    0x7042b6fc   0x00000720   Code   RO           54    .text               display.o
    0x7042be1c   0x00001b44   Code   RO           58    .text               emv.o
    0x7042d960   0x00000b4c   Code   RO           61    .text               emvCallback.o
    0x7042e4ac   0x00000654   Code   RO           63    .text               emvmisc.o
    0x7042eb00   0x000013f8   Code   RO           64    .text               input.o
    0x7042fef8   0x00001070   Code   RO           68    .text               iris.o
    0x70430f68   0x000003f0   Code   RO           71    .text               iris2805.o
    0x70431358   0x00000670   Code   RO           73    .text               iris_io.o
    0x704319c8   0x0000019c   Code   RO           76    .text               iriscfg.o
    0x70431b64   0x0000016c   Code   RO           80    .text               iriscomms.o
    0x70431cd0   0x000007f0   Code   RO           81    .text               iriscrypt.o
    0x704324c0   0x00000128   Code   RO           83    .text               irisemv.o
    0x704325e8   0x00000e30   Code   RO           84    .text               irismain.o
    0x70433418   0x00000014   Code   RO           91    .text               irispstn.o
    0x7043342c   0x00000370   Code   RO           92    .text               irisser.o
    0x7043379c   0x000004c8   Code   RO           95    .text               iristcp.o
    0x70433c64   0x000002ec   Code   RO           98    .text               iristime.o
    0x70433f50   0x000011fc   Code   RO          102    .text               irisutil.o
    0x7043514c   0x00000570   Code   RO          107    .text               printer.o
    0x704356bc   0x00000d14   Code   RO          119    .text               security.o
    0x704363d0   0x0000023c   Code   RO          123    .text               time.o
    0x7043660c   0x00000050   Code   RO          126    .text               timer.o
    0x7043665c   0x000001ac   Code   RO          128    .text               util.o
    0x70436808   0x00000460   Code   RO          129    .text               gps.o
    0x70436c68   0x00000d78   Code   RO          132    .text               lapi.o
    0x704379e0   0x00000b50   Code   RO          134    .text               lauxlib.o
    0x70438530   0x00000f30   Code   RO          135    .text               lbaselib.o
    0x70439460   0x00000eb0   Code   RO          138    .text               lcode.o
    0x7043a310   0x000009bc   Code   RO          139    .text               ldblib.o
    0x7043accc   0x00000b28   Code   RO          142    .text               ldebug.o
    0x7043b7f4   0x000009a8   Code   RO          143    .text               ldo.o
    0x7043c19c   0x00000248   Code   RO          144    .text               ldump.o
    0x7043c3e4   0x0000028c   Code   RO          145    .text               lfunc.o
    0x7043c670   0x00000a8c   Code   RO          146    .text               lgc.o
    0x7043d0fc   0x00000030   Code   RO          147    .text               linit.o
    0x7043d12c   0x00000a8c   Code   RO          150    .text               liolib.o
    0x7043dbb8   0x00000b74   Code   RO          153    .text               llex.o
    0x7043e72c   0x00000554   Code   RO          156    .text               lmathlib.o
    0x7043ec80   0x000000c4   Code   RO          159    .text               lmem.o
    0x7043ed44   0x00000aa8   Code   RO          160    .text               loadlib.o
    0x7043f7ec   0x0000030c   Code   RO          163    .text               lobject.o
    0x7043faf8   0x000004fc   Code   RO          169    .text               loslib.o
    0x7043fff4   0x000019bc   Code   RO          172    .text               lparser.o
    0x704419b0   0x000002e0   Code   RO          174    .text               lstate.o
    0x70441c90   0x000001d4   Code   RO          175    .text               lstring.o
    0x70441e64   0x00001128   Code   RO          176    .text               lstrlib.o
    0x70442f8c   0x00000840   Code   RO          179    .text               ltable.o
    0x704437cc   0x0000065c   Code   RO          181    .text               ltablib.o
    0x70443e28   0x000026d0   Code   RO          184    .text               lterminallib.o
    0x704464f8   0x0000008c   Code   RO          188    .text               ltm.o
    0x70446584   0x0000083c   Code   RO          193    .text               lua.o
    0x70446dc0   0x000004c4   Code   RO          197    .text               lundump.o
    0x70447284   0x00001440   Code   RO          198    .text               lvm.o
    0x704486c4   0x000000d6   Code   RO          199    .text               lzio.o
    0x7044879a   0x00000002   PAD
    0x7044879c   0x00000558   Code   RO          202    .text               svc_net.o
    0x70448cf4   0x000003b8   Code   RO          206    .text               ceif.o
    0x704490ac   0x00000148   Code   RO          208    .text               elog.o
    0x704491f4   0x000000c8   Code   RO          210    .text               vxgps.o
    0x704492bc   0x00000358   Code   RO          214    .text               ctls.o
    0x70449614   0x000000b8   Code   RO          216    .text               lsys.o
    0x704496cc   0x00000168   Code   RO          218    .text               escr.o
    0x70449834   0x00001524   Code   RO          219    .text               cardslot.o(cardslot.a)
    0x7044ad58   0x00002400   Code   RO          230    .text               EMVCWrappers.o(EMV.a)
    0x7044d158   0x000003ec   Code   RO          245    .text               MVT.o(EMVap_Config.a)
    0x7044d544   0x00001060   Code   RO          249    .text               EST.o(EMVap_Config.a)
    0x7044e5a4   0x000002ac   Code   RO          253    .text               emvutils.o(vxemvap.a)
    0x7044e850   0x00001450   Code   RO          254    .text               EstFuncs.o(vxemvap.a)
    0x7044fca0   0x00004a04   Code   RO          257    .text               emvfuncs.o(vxemvap.a)
    0x704546a4   0x00000004   Code   RO          268    .text               SYS.o(verix11.lib)
    0x704546a8   0x00000038   Code   RO          270    .text               strtod.opi(verix11.lib)
    0x704546e0   0x00000036   Code   RO          271    .text               getc.opi(verix11.lib)
    0x70454716   0x0000003e   Code   RO          272    .text               putc.opi(verix11.lib)
    0x70454754   0x00000080   Code   RO          273    .text               fflush.opi(verix11.lib)
    0x704547d4   0x00000098   Code   RO          274    .text               fopen.opi(verix11.lib)
    0x7045486c   0x0000003c   Code   RO          275    .text               ftell.opi(verix11.lib)
    0x704548a8   0x00000026   Code   RO          276    .text               fputs.opi(verix11.lib)
    0x704548ce   0x00000002   PAD
    0x704548d0   0x00000078   Code   RO          277    .text               freopen.opi(verix11.lib)
    0x70454948   0x000000a0   Code   RO          278    .text               fclose.opi(verix11.lib)
    0x704549e8   0x00000044   Code   RO          279    .text               fgets.opi(verix11.lib)
    0x70454a2c   0x00000074   Code   RO          280    .text               fread.opi(verix11.lib)
    0x70454aa0   0x00000068   Code   RO          281    .text               fseek.opi(verix11.lib)
    0x70454b08   0x00000072   Code   RO          282    .text               fwrite.opi(verix11.lib)
    0x70454b7a   0x00000002   PAD
    0x70454b7c   0x00000058   Code   RO          283    .text               ungetc.opi(verix11.lib)
    0x70454bd4   0x00000048   Code   RO          284    .text               tmpnam.opi(verix11.lib)
    0x70454c1c   0x00000100   Code   RO          287    .text               tmpfile.opi(verix11.lib)
    0x70454d1c   0x0000009c   Code   RO          289    .text               iodata.opi(verix11.lib)
    0x70454db8   0x0000006e   Code   RO          294    .text               setvbuf.opi(verix11.lib)
    0x70454e26   0x00000002   PAD
    0x70454e28   0x00000038   Code   RO          295    .text               printf.opi(verix11.lib)
    0x70454e60   0x00000034   Code   RO          296    .text               fprintf.opi(verix11.lib)
    0x70454e94   0x00000038   Code   RO          297    .text               sprintf.opi(verix11.lib)
    0x70454ecc   0x00000054   Code   RO          298    .text               vsnprintf.opi(verix11.lib)
    0x70454f20   0x00000038   Code   RO          299    .text               fscanf.opi(verix11.lib)
    0x70454f58   0x00000030   Code   RO          300    .text               time.opi(verix11.lib)
    0x70454f88   0x000000b0   Code   RO          301    .text               localt.opi(verix11.lib)
    0x70455038   0x00000008   Code   RO          303    .text               clock.opi(verix11.lib)
    0x70455040   0x0000001c   Code   RO          304    .text               difftime.opi(verix11.lib)
    0x7045505c   0x00000154   Code   RO          305    .text               mktime.opi(verix11.lib)
    0x704551b0   0x00000034   Code   RO          306    .text               gmtime.opi(verix11.lib)
    0x704551e4   0x000002fc   Code   RO          307    .text               strftime.opi(verix11.lib)
    0x704554e0   0x00000008   Code   RO          310    .text               localeco.opi(verix11.lib)
    0x704554e8   0x00000034   Code   RO          313    .text               setlocal.opi(verix11.lib)
    0x7045551c   0x0000003c   Code   RO          314    .text               exit.opi(verix11.lib)
    0x70455558   0x00000018   Code   RO          315    .text               rt_errno.oi(verix11.lib)
    0x70455570   0x00000052   Code   RO          371    .text               nad.o(cardslot.a)
    0x704555c2   0x000000d6   Code   RO          373    .text               atr.o(cardslot.a)
    0x70455698   0x000046ec   Code   RO          376    .text               EMVSelection.o(EMV.a)
    0x70459d84   0x000005f4   Code   RO          400    .text               EMVAIDList.o(EMV.a)
    0x7045a378   0x000003e8   Code   RO          402    .text               EMVCmdSet.o(EMV.a)
    0x7045a760   0x0000009a   Code   RO          408    .text               EMVRiskMgmtData.o(EMV.a)
    0x7045a7fa   0x00000002   PAD
    0x7045a7fc   0x000002c4   Code   RO          410    .text               EMVTxnStatus.o(EMV.a)
    0x7045aac0   0x000018e0   Code   RO          412    .text               EMVRiskMgmt.o(EMV.a)
    0x7045c3a0   0x00001074   Code   RO          425    .text               tlvcolxn.o(EMV.a)
    0x7045d414   0x000083bc   Code   RO          428    .text               transact.o(EMV.a)
    0x704657d0   0x00002394   Code   RO          434    .text               EMVUtils.o(EMV.a)
    0x70467b64   0x00000dc8   Code   RO          439    .text               EUtils.o(EMV.a)
    0x7046892c   0x000001fc   Code   RO          444    .text               EMVPinData.o(EMV.a)
    0x70468b28   0x000022c8   Code   RO          446    .text               EMVVerifyCard.o(EMV.a)
    0x7046adf0   0x00000a20   Code   RO          466    .text               MVTStruc.o(EMVap_Config.a)
    0x7046b810   0x00000224   Code   RO          468    .text               EMVAP_confio.o(vxemvap.a)
    0x7046ba34   0x000002f4   Code   RO          469    .text               MvtFuncs.o(vxemvap.a)
    0x7046bd28   0x000001ac   Code   RO          471    .text               tolink.o(vxemvap.a)
    0x7046bed4   0x000005f8   Code   RO          472    .text               V_card.o(voyn.lib)
    0x7046c4cc   0x00000810   Code   RO          473    .text               V_misc.o(voyn.lib)
    0x7046ccdc   0x000000d0   Code   RO          474    .text               _strtod.opi(verix11.lib)
    0x7046cdac   0x000000e4   Code   RO          475    .text               flushbuf.opi(verix11.lib)
    0x7046ce90   0x000000b8   Code   RO          476    .text               fillbuf.opi(verix11.lib)
    0x7046cf48   0x00000008   Code   RO          477    .text               fgetc.opi(verix11.lib)
    0x7046cf50   0x00000008   Code   RO          478    .text               fputc.opi(verix11.lib)
    0x7046cf58   0x000000e0   Code   RO          479    .text               openprep.opi(verix11.lib)
    0x7046d038   0x00000350   Code   RO          480    .text               _dbltopr.opi(verix11.lib)
    0x7046d388   0x00000570   Code   RO          481    .text               _scanff.opi(verix11.lib)
    0x7046d8f8   0x00000038   Code   RO          483    .text               _sputc.opi(verix11.lib)
    0x7046d930   0x00000024   Code   RO          485    .text               _days.opi(verix11.lib)
    0x7046d954   0x0000000e   Code   RO          487    .text               new.opi(verix11.lib)
    0x7046d962   0x00000008   Code   RO          489    .text               delete.opi(verix11.lib)
    0x7046d96a   0x00000002   PAD
    0x7046d96c   0x0000236c   Code   RO          491    .text               datauth.o(EMV.a)
    0x7046fcd8   0x00001344   Code   RO          500    .text               EMVSecure.o(EMV.a)
    0x7047101c   0x00000cd4   Code   RO          503    .text               EMVDOLHandler.o(EMV.a)
    0x70471cf0   0x00000164   Code   RO          510    .text               EMVData.o(EMV.a)
    0x70471e54   0x00000010   Code   RO          512    .text               EMVSha.o(EMV.a)
    0x70471e64   0x00000a58   Code   RO          514    .text               EMVICCCard.o(EMV.a)
    0x704728bc   0x00001030   Code   RO          518    .text               EMVRawTlv.o(EMV.a)
    0x704738ec   0x000008bc   Code   RO          521    .text               EMVScriptProc.o(EMV.a)
    0x704741a8   0x00000162   Code   RO          530    .text               EMVTLVObject.o(EMV.a)
    0x7047430a   0x00000002   PAD
    0x7047430c   0x00000adc   Code   RO          532    .text               Glue.o(voyn.lib)
    0x70474de8   0x0000099c   Code   RO          535    .text               V_gds.o(voyn.lib)
    0x70475784   0x00000380   Code   RO          537    .text               _atodbl.opi(verix11.lib)
    0x70475b04   0x00000034   Code   RO          539    .text               vsprintf.opi(verix11.lib)
    0x70475b38   0x000001ec   Code   RO          540    .text               _dbltoa.opi(verix11.lib)
    0x70475d24   0x00000130   Code   RO          542    .text               _intscan.opi(verix11.lib)
    0x70475e54   0x00000198   Code   RO          543    .text               _fltscan.opi(verix11.lib)
    0x70475fec   0x0000000e   Code   RO          544    .text               arr_new.opi(verix11.lib)
    0x70475ffa   0x00000008   Code   RO          546    .text               arr_del.opi(verix11.lib)
    0x70476002   0x00000012   Code   RO          550    .text               sys_system.o(c_5.b)
    0x70476014   0x00000036   Code   RO          553    .text               strcoll.o(c_5.b)
    0x7047604a   0x00000002   PAD
    0x7047604c   0x00000024   Code   RO          559    .text               init_aeabi.o(c_5.b)
    0x70476070   0x00000020   Code   RO          765    .text               armrt.ol(verix11.lib)
    0x70476090   0x00000004   Code   RO          766    .text               use_no_semi.o(c_5.b)
    0x70476094   0x00000010   Code   RO          767    .text               rt_locale.o(c_5.b)
    0x704760a4   0x00000010   Code   RO          770    .text               rt_ddtor_pointer_addr.o(c_5.b)
    0x704760b4   0x00000016   Code   RO          773    .text               _rserrno.o(c_5.b)
    0x704760ca   0x00000002   PAD
    0x704760cc   0x00000004   Ven    RO          896    Veneer$$Code        anon$$obj.o
    0x704760d0   0x00000004   Ven    RO          897    Veneer$$Code        anon$$obj.o
    0x704760d4   0x00000004   Ven    RO          898    Veneer$$Code        anon$$obj.o
    0x704760d8   0x00000004   Ven    RO          899    Veneer$$Code        anon$$obj.o
    0x704760dc   0x00000004   Ven    RO          900    Veneer$$Code        anon$$obj.o
    0x704760e0   0x00000004   Ven    RO          901    Veneer$$Code        anon$$obj.o
    0x704760e4   0x00000004   Ven    RO          902    Veneer$$Code        anon$$obj.o
    0x704760e8   0x00000004   Ven    RO          903    Veneer$$Code        anon$$obj.o
    0x704760ec   0x00000004   Ven    RO          904    Veneer$$Code        anon$$obj.o
    0x704760f0   0x00000004   Ven    RO          905    Veneer$$Code        anon$$obj.o
    0x704760f4   0x00000004   Ven    RO          906    Veneer$$Code        anon$$obj.o
    0x704760f8   0x00000004   Ven    RO          907    Veneer$$Code        anon$$obj.o
    0x704760fc   0x00000004   Ven    RO          908    Veneer$$Code        anon$$obj.o
    0x70476100   0x00000004   Ven    RO          909    Veneer$$Code        anon$$obj.o
    0x70476104   0x00000004   Ven    RO          910    Veneer$$Code        anon$$obj.o
    0x70476108   0x00000004   Ven    RO          911    Veneer$$Code        anon$$obj.o
    0x7047610c   0x00000004   Ven    RO          912    Veneer$$Code        anon$$obj.o
    0x70476110   0x00000004   Ven    RO          913    Veneer$$Code        anon$$obj.o
    0x70476114   0x00000004   Ven    RO          914    Veneer$$Code        anon$$obj.o
    0x70476118   0x00000004   Ven    RO          915    Veneer$$Code        anon$$obj.o
    0x7047611c   0x00000004   Ven    RO          916    Veneer$$Code        anon$$obj.o
    0x70476120   0x00000004   Ven    RO          917    Veneer$$Code        anon$$obj.o
    0x70476124   0x00000004   Ven    RO          918    Veneer$$Code        anon$$obj.o
    0x70476128   0x00000004   Ven    RO          919    Veneer$$Code        anon$$obj.o
    0x7047612c   0x00000004   Ven    RO          920    Veneer$$Code        anon$$obj.o
    0x70476130   0x00000004   Ven    RO          921    Veneer$$Code        anon$$obj.o
    0x70476134   0x00000004   Ven    RO          922    Veneer$$Code        anon$$obj.o
    0x70476138   0x00000004   Ven    RO          923    Veneer$$Code        anon$$obj.o
    0x7047613c   0x00000004   Ven    RO          924    Veneer$$Code        anon$$obj.o
    0x70476140   0x00000004   Ven    RO          925    Veneer$$Code        anon$$obj.o
    0x70476144   0x00000004   Ven    RO          926    Veneer$$Code        anon$$obj.o
    0x70476148   0x00000004   Ven    RO          927    Veneer$$Code        anon$$obj.o
    0x7047614c   0x00000004   Ven    RO          928    Veneer$$Code        anon$$obj.o
    0x70476150   0x00000004   Ven    RO          929    Veneer$$Code        anon$$obj.o
    0x70476154   0x00000004   Ven    RO          930    Veneer$$Code        anon$$obj.o
    0x70476158   0x00000004   Ven    RO          931    Veneer$$Code        anon$$obj.o
    0x7047615c   0x00000004   Ven    RO          932    Veneer$$Code        anon$$obj.o
    0x70476160   0x00000004   Ven    RO          933    Veneer$$Code        anon$$obj.o
    0x70476164   0x00000004   Ven    RO          934    Veneer$$Code        anon$$obj.o
    0x70476168   0x00000004   Ven    RO          935    Veneer$$Code        anon$$obj.o
    0x7047616c   0x00000004   Ven    RO          936    Veneer$$Code        anon$$obj.o
    0x70476170   0x00000004   Ven    RO          937    Veneer$$Code        anon$$obj.o
    0x70476174   0x00000004   Ven    RO          938    Veneer$$Code        anon$$obj.o
    0x70476178   0x00000004   Ven    RO          939    Veneer$$Code        anon$$obj.o
    0x7047617c   0x00000004   Ven    RO          940    Veneer$$Code        anon$$obj.o
    0x70476180   0x00000004   Ven    RO          941    Veneer$$Code        anon$$obj.o
    0x70476184   0x00000004   Ven    RO          942    Veneer$$Code        anon$$obj.o
    0x70476188   0x00000004   Ven    RO          943    Veneer$$Code        anon$$obj.o
    0x7047618c   0x00000004   Ven    RO          944    Veneer$$Code        anon$$obj.o
    0x70476190   0x00000004   Ven    RO          945    Veneer$$Code        anon$$obj.o
    0x70476194   0x00000004   Ven    RO          946    Veneer$$Code        anon$$obj.o
    0x70476198   0x00000004   Ven    RO          947    Veneer$$Code        anon$$obj.o
    0x7047619c   0x00000004   Ven    RO          948    Veneer$$Code        anon$$obj.o
    0x704761a0   0x00000004   Ven    RO          949    Veneer$$Code        anon$$obj.o
    0x704761a4   0x00000004   Ven    RO          950    Veneer$$Code        anon$$obj.o
    0x704761a8   0x0000001c   Code   RO          243    i._ZN10EMVAIDList15setCurrentIndexEt  EMVCWrappers.o(EMV.a)
    0x704761c4   0x00000034   Code   RO          241    i._ZN10EMVAIDList7setDataEs6emvaid  EMVCWrappers.o(EMV.a)
    0x704761f8   0x00000014   Code   RO          456    i._ZN10EMVPinData14setPINTryCountEs  EMVVerifyCard.o(EMV.a)
    0x7047620c   0x00000008   Code   RO          454    i._ZN7EMVData5resetEv  EMVVerifyCard.o(EMV.a)
    0x70476214   0x0000001c   Code   RO          391    i._ZN7SFIList10popSFIListEv  EMVSelection.o(EMV.a)
    0x70476230   0x00000018   Code   RO          389    i._ZN7SFIList11pushSFIListEh  EMVSelection.o(EMV.a)
    0x70476248   0x00000018   Code   RO          385    i._ZN9EMVRawTLV20emvHasMoreTLVObjectsEv  EMVSelection.o(EMV.a)
    0x70476260   0x0000000a   Code   RO          387    i._ZNK10EMVAIDList11getAIDCountEv  EMVSelection.o(EMV.a)
    0x7047626a   0x00000002   Code   RO          421    i.__ARM_common_call_via_r0_thumb  EMVRiskMgmt.o(EMV.a)
    0x7047626c   0x00000002   Code   RO          398    i.__ARM_common_call_via_r1_thumb  EMVSelection.o(EMV.a)
    0x7047626e   0x00000002   Code   RO          396    i.__ARM_common_call_via_r2_thumb  EMVSelection.o(EMV.a)
    0x70476270   0x00000002   Code   RO          423    i.__ARM_common_call_via_r3_thumb  EMVRiskMgmt.o(EMV.a)
    0x70476272   0x00000002   Code   RO          442    i.__ARM_common_call_via_r4_thumb  EUtils.o(EMV.a)
    0x70476274   0x00000002   Code   RO          464    i.__ARM_common_call_via_r5_thumb  EMVVerifyCard.o(EMV.a)
    0x70476276   0x00000002   Code   RO          528    i.__ARM_common_call_via_r6_thumb  EMVScriptProc.o(EMV.a)
    0x70476278   0x00000002   Code   RO          462    i.__ARM_common_call_via_r7_thumb  EMVVerifyCard.o(EMV.a)
    0x7047627a   0x00000002   PAD
    0x7047627c   0x00000018   Code   RO           29    i.__ARM_common_switch8  IrisComm.o
    0x70476294   0x0000001c   Code   RO          228    i.__ARM_common_switch8_thumb  cardslot.o(cardslot.a)
    0x704762b0   0x0000002c   Code   RO          561    i.__aeabi_atexit    aeabi_atexit.o(cpprt_5.b)
    0x704762dc   0x00000044   Code   RO          834    i.__cxa_finalize    cxa_finalize.o(cpprt_5.b)
    0x70476320   0x000004a0   Code   RO          870    i.__ieee754_rem_pio2  rred.o(m_5s.b)
    0x704767c0   0x0000018c   Code   RO          860    i.__kernel_cos      cos_i.o(m_5s.b)
    0x7047694c   0x000000f0   Code   RO          868    i.__kernel_poly     poly.o(m_5s.b)
    0x70476a3c   0x00000004   PAD
    0x70476a40   0x00000160   Code   RO          872    i.__kernel_sin      sin_i.o(m_5s.b)
    0x70476ba0   0x000003d8   Code   RO          876    i.__kernel_tan      tan_i.o(m_5s.b)
    0x70476f78   0x00000588   Code   RO          863    i.__mathlib_expm1   expm1_i.o(m_5s.b)
    0x70477500   0x000003e0   Code   RO          672    i.acos              acos.o(m_5s.b)
    0x704778e0   0x000003d4   Code   RO          678    i.asin              asin.o(m_5s.b)
    0x70477cb4   0x00000004   PAD
    0x70477cb8   0x00000354   Code   RO          684    i.atan              atan.o(m_5s.b)
    0x7047800c   0x00000004   PAD
    0x70478010   0x00000200   Code   RO          690    i.atan2             atan2.o(m_5s.b)
    0x70478210   0x00000134   Code   RO          694    i.ceil              ceil.o(m_5s.b)
    0x70478344   0x00000004   PAD
    0x70478348   0x00000120   Code   RO          696    i.cos               cos.o(m_5s.b)
    0x70478468   0x000001f0   Code   RO          700    i.cosh              cosh.o(m_5s.b)
    0x70478658   0x000003dc   Code   RO          706    i.exp               exp.o(m_5s.b)
    0x70478a34   0x00000004   PAD
    0x70478a38   0x00000138   Code   RO          712    i.floor             floor.o(m_5s.b)
    0x70478b70   0x000000d4   Code   RO          714    i.fmod              fmod.o(m_5s.b)
    0x70478c44   0x00000074   Code   RO          718    i.frexp             frexp.o(m_5s.b)
    0x70478cb8   0x0000010c   Code   RO          721    i.ldexp             ldexp.o(m_5s.b)
    0x70478dc4   0x00000004   PAD
    0x70478dc8   0x0000051c   Code   RO          726    i.log               log.o(m_5s.b)
    0x704792e4   0x00000004   PAD
    0x704792e8   0x00000164   Code   RO          732    i.log10             log10.o(m_5s.b)
    0x7047944c   0x000000cc   Code   RO          736    i.modf              modf.o(m_5s.b)
    0x70479518   0x00000f34   Code   RO          738    i.pow               pow.o(m_5s.b)
    0x7047a44c   0x00000004   PAD
    0x7047a450   0x00000120   Code   RO          744    i.sin               sin.o(m_5s.b)
    0x7047a570   0x0000023c   Code   RO          748    i.sinh              sinh.o(m_5s.b)
    0x7047a7ac   0x00000004   PAD
    0x7047a7b0   0x0000004c   Code   RO          754    i.sqrt              sqrt.o(m_5s.b)
    0x7047a7fc   0x00000004   PAD
    0x7047a800   0x000000b4   Code   RO          758    i.tan               tan.o(m_5s.b)
    0x7047a8b4   0x00000004   PAD
    0x7047a8b8   0x00000118   Code   RO          762    i.tanh              tanh.o(m_5s.b)
    0x7047a9d0   0x00000048   Code   RO          775    locale$$code        lc_collate_c.o(c_5.b)
    0x7047aa18   0x000000ac   Code   RO          643    x$fpl$d2f           d2f.o(fz_5s.b)
    0x7047aac4   0x000001d4   Code   RO          644    x$fpl$dadd          daddsub_clz.o(fz_5s.b)
    0x7047ac98   0x00000010   Code   RO          844    x$fpl$dcheck        dcheck.o(fz_5s.b)
    0x7047aca8   0x00000010   Code   RO          845    x$fpl$dcheck1       dcheck1.o(fz_5s.b)
    0x7047acb8   0x00000080   Code   RO          846    x$fpl$dcmpinfnan    dcmpin.o(fz_5s.b)
    0x7047ad38   0x00000444   Code   RO          648    x$fpl$ddiv          ddiv.o(fz_5s.b)
    0x7047b17c   0x00000088   Code   RO          649    x$fpl$deqf          deqf.o(fz_5s.b)
    0x7047b204   0x000000a8   Code   RO          650    x$fpl$dfix          dfix.o(fz_5s.b)
    0x7047b2ac   0x00000084   Code   RO          652    x$fpl$dfixu         dfixu.o(fz_5s.b)
    0x7047b330   0x0000002c   Code   RO          655    x$fpl$dflt          dflt_clz.o(fz_5s.b)
    0x7047b35c   0x00000008   Code   RO          654    x$fpl$dfltu         dflt_clz.o(fz_5s.b)
    0x7047b364   0x00000088   Code   RO          656    x$fpl$dleqf         dleqf.o(fz_5s.b)
    0x7047b3ec   0x000001d0   Code   RO          657    x$fpl$dmul          dmul.o(fz_5s.b)
    0x7047b5bc   0x000001b8   Code   RO          847    x$fpl$drem          drem_clz.o(fz_5s.b)
    0x7047b774   0x000000a0   Code   RO          658    x$fpl$drleqf        drleqf.o(fz_5s.b)
    0x7047b814   0x00000018   Code   RO          645    x$fpl$drsb          daddsub_clz.o(fz_5s.b)
    0x7047b82c   0x00000174   Code   RO          848    x$fpl$dsqrt         dsqrt.o(fz_5s.b)
    0x7047b9a0   0x0000026c   Code   RO          646    x$fpl$dsub          daddsub_clz.o(fz_5s.b)
    0x7047bc0c   0x00000118   Code   RO          849    x$fpl$dunder        dunder.o(fz_5s.b)
    0x7047bd24   0x0000000c   Code   RO          850    x$fpl$fcheck        fcheck.o(fz_5s.b)
    0x7047bd30   0x0000000c   Code   RO          851    x$fpl$fcheck1       fcheck1.o(fz_5s.b)
    0x7047bd3c   0x000001e4   Code   RO          660    x$fpl$fdiv          fdiv.o(fz_5s.b)
    0x7047bf20   0x00000074   Code   RO          661    x$fpl$ffix          ffix.o(fz_5s.b)
    0x7047bf94   0x00000034   Code   RO          664    x$fpl$fflt          fflt_clz.o(fz_5s.b)
    0x7047bfc8   0x00000008   Code   RO          663    x$fpl$ffltu         fflt_clz.o(fz_5s.b)
    0x7047bfd0   0x00000108   Code   RO          665    x$fpl$fmul          fmul.o(fz_5s.b)
    0x7047c0d8   0x00000050   Code   RO          852    x$fpl$fnorm2        fnorm2_clz.o(fz_5s.b)
    0x7047c128   0x00000014   Code   RO          670    x$fpl$fpinit        fpinit.o(fz_5s.b)
    0x7047c13c   0x00000094   Code   RO          853    x$fpl$funder        funder.o(fz_5s.b)
    0x7047c1d0   0x00000074   Code   RO          883    x$fpl$retnan        retnan.o(fz_5s.b)
    0x7047c244   0x0000006c   Code   RO          858    x$fpl$scalbn        scalbn.o(fz_5s.b)
    0x7047c2b0   0x0000003c   Code   RO          884    x$fpl$trapveneer    trapv.o(fz_5s.b)
    0x7047c2ec   0x00000000   Code   RO          859    x$fpl$usenofp       usenofp.o(fz_5s.b)
    0x7047c2ec   0x00002000   Data   RO            8    .constdata          crc32.o
    0x7047e2ec   0x000008a6   Data   RO           11    .constdata          inflate.o
    0x7047eb92   0x000000fc   Data   RO           14    .constdata          inftrees.o
    0x7047ec8e   0x00000002   PAD
    0x7047ec90   0x00000028   Data   RO           18    .constdata          zutil.o
    0x7047ecb8   0x00000093   Data   RO           22    .constdata          Contactless.o
    0x7047ed4b   0x00000001   PAD
    0x7047ed4c   0x00000181   Data   RO           26    .constdata          IrisComm.o
    0x7047eecd   0x00000003   PAD
    0x7047eed0   0x000001b0   Data   RO           31    .constdata          Prtean128.o
    0x7047f080   0x00000096   Data   RO           34    .constdata          Prtean13.o
    0x7047f116   0x00000002   PAD
    0x7047f118   0x00000408   Data   RO           40    .constdata          as2805.o
    0x7047f520   0x00000820   Data   RO           49    .constdata          ctlsmod.o
    0x7047fd40   0x0000001e   Data   RO           55    .constdata          display.o
    0x7047fd5e   0x00000002   PAD
    0x7047fd60   0x00000400   Data   RO           62    .constdata          emvCallback.o
    0x70480160   0x00000144   Data   RO           66    .constdata          input.o
    0x704802a4   0x00000080   Data   RO           69    .constdata          iris.o
    0x70480324   0x0000005c   Data   RO           74    .constdata          iris_io.o
    0x70480380   0x0000000a   Data   RO           86    .constdata          irismain.o
    0x7048038a   0x00000002   PAD
    0x7048038c   0x00000057   Data   RO          105    .constdata          irisutil.o
    0x704803e3   0x00000001   PAD
    0x704803e4   0x00000040   Data   RO          109    .constdata          printer.o
    0x70480424   0x00000060   Data   RO          125    .constdata          time.o
    0x70480484   0x00000009   Data   RO          131    .constdata          gps.o
    0x7048048d   0x00000003   PAD
    0x70480490   0x0000014c   Data   RO          136    .constdata          lbaselib.o
    0x704805dc   0x00000090   Data   RO          140    .constdata          ldblib.o
    0x7048066c   0x00000048   Data   RO          148    .constdata          linit.o
    0x704806b4   0x000000f0   Data   RO          151    .constdata          liolib.o
    0x704807a4   0x00000080   Data   RO          154    .constdata          llex.o
    0x70480824   0x000000e8   Data   RO          157    .constdata          lmathlib.o
    0x7048090c   0x00000119   Data   RO          161    .constdata          loadlib.o
    0x70480a25   0x00000003   PAD
    0x70480a28   0x00000010   Data   RO          164    .constdata          lobject.o
    0x70480a38   0x00000100   Data   RO          165    .constdata          lobject.o
    0x70480b38   0x00000026   Data   RO          167    .constdata          lopcodes.o
    0x70480b5e   0x00000002   PAD
    0x70480b60   0x00000094   Data   RO          170    .constdata          loslib.o
    0x70480bf4   0x0000001e   Data   RO          173    .constdata          lparser.o
    0x70480c12   0x00000002   PAD
    0x70480c14   0x00000080   Data   RO          177    .constdata          lstrlib.o
    0x70480c94   0x00000004   PAD
    0x70480c98   0x00000020   Data   RO          180    .constdata          ltable.o
    0x70480cb8   0x00000050   Data   RO          182    .constdata          ltablib.o
    0x70480d08   0x000003a8   Data   RO          185    .constdata          lterminallib.o
    0x704810b0   0x0000002c   Data   RO          189    .constdata          ltm.o
    0x704810dc   0x00000044   Data   RO          190    .constdata          ltm.o
    0x70481120   0x00000133   Data   RO          194    .constdata          lua.o
    0x70481253   0x00000001   PAD
    0x70481254   0x0000009e   Data   RO          236    .constdata          EMVCWrappers.o(EMV.a)
    0x704812f2   0x00000002   PAD
    0x704812f4   0x00000095   Data   RO          255    .constdata          EstFuncs.o(vxemvap.a)
    0x70481389   0x00000003   PAD
    0x7048138c   0x000008c2   Data   RO          259    .constdata          emvfuncs.o(vxemvap.a)
    0x70481c4e   0x00000101   Data   RO          269    .constdata          _uctype.opi(verix11.lib)
    0x70481d4f   0x0000010a   Data   RO          309    .constdata          strftime.opi(verix11.lib)
    0x70481e59   0x0000000d   Data   RO          316    .constdata          sysrodat.oi(verix11.lib)
    0x70481e66   0x0000000b   Data   RO          318    .constdata          sysrodat.oi(verix11.lib)
    0x70481e71   0x0000000a   Data   RO          319    .constdata          sysrodat.oi(verix11.lib)
    0x70481e7b   0x0000000a   Data   RO          320    .constdata          sysrodat.oi(verix11.lib)
    0x70481e85   0x0000000a   Data   RO          322    .constdata          sysrodat.oi(verix11.lib)
    0x70481e8f   0x0000000a   Data   RO          324    .constdata          sysrodat.oi(verix11.lib)
    0x70481e99   0x00000009   Data   RO          341    .constdata          sysrodat.oi(verix11.lib)
    0x70481ea2   0x0000000a   Data   RO          343    .constdata          sysrodat.oi(verix11.lib)
    0x70481eac   0x0000000a   Data   RO          344    .constdata          sysrodat.oi(verix11.lib)
    0x70481eb6   0x0000000a   Data   RO          345    .constdata          sysrodat.oi(verix11.lib)
    0x70481ec0   0x0000000a   Data   RO          346    .constdata          sysrodat.oi(verix11.lib)
    0x70481eca   0x0000000a   Data   RO          347    .constdata          sysrodat.oi(verix11.lib)
    0x70481ed4   0x0000000a   Data   RO          348    .constdata          sysrodat.oi(verix11.lib)
    0x70481ede   0x00000002   PAD
    0x70481ee0   0x00000210   Data   RO          379    .constdata          EMVSelection.o(EMV.a)
    0x704820f0   0x0000004a   Data   RO          415    .constdata          EMVRiskMgmt.o(EMV.a)
    0x7048213a   0x00000002   PAD
    0x7048213c   0x00000096   Data   RO          427    .constdata          tlvcolxn.o(EMV.a)
    0x704821d2   0x00000002   PAD
    0x704821d4   0x00000162   Data   RO          431    .constdata          transact.o(EMV.a)
    0x70482336   0x00000002   PAD
    0x70482338   0x00000022   Data   RO          437    .constdata          EMVUtils.o(EMV.a)
    0x7048235a   0x00000002   PAD
    0x7048235c   0x0000004a   Data   RO          450    .constdata          EMVVerifyCard.o(EMV.a)
    0x704823a6   0x00000002   PAD
    0x704823a8   0x000000e6   Data   RO          470    .constdata          MvtFuncs.o(vxemvap.a)
    0x7048248e   0x0000000b   Data   RO          482    .constdata          _scanff.opi(verix11.lib)
    0x70482499   0x00000001   PAD
    0x7048249a   0x00000034   Data   RO          486    .constdata          _days.opi(verix11.lib)
    0x704824ce   0x00000002   PAD
    0x704824d0   0x00000139   Data   RO          494    .constdata          datauth.o(EMV.a)
    0x70482609   0x00000003   PAD
    0x7048260c   0x00000049   Data   RO          516    .constdata          EMVICCCard.o(EMV.a)
    0x70482655   0x00000003   PAD
    0x70482658   0x00000087   Data   RO          520    .constdata          EMVRawTlv.o(EMV.a)
    0x704826df   0x0000001a   Data   RO          533    .constdata          Glue.o(voyn.lib)
    0x704826f9   0x00000007   PAD
    0x70482700   0x00000160   Data   RO          538    .constdata          _atodbl.opi(verix11.lib)
    0x70482860   0x00000098   Data   RO          541    .constdata          _dbltoa.opi(verix11.lib)
    0x704828f8   0x00000050   Data   RO          673    .constdata          acos.o(m_5s.b)
    0x70482948   0x00000050   Data   RO          679    .constdata          asin.o(m_5s.b)
    0x70482998   0x00000098   Data   RO          685    .constdata          atan.o(m_5s.b)
    0x70482a30   0x00000008   Data   RO          701    .constdata          cosh.o(m_5s.b)
    0x70482a38   0x00000058   Data   RO          707    .constdata          exp.o(m_5s.b)
    0x70482a90   0x00000038   Data   RO          727    .constdata          log.o(m_5s.b)
    0x70482ac8   0x00000088   Data   RO          739    .constdata          pow.o(m_5s.b)
    0x70482b50   0x00000008   Data   RO          749    .constdata          sinh.o(m_5s.b)
    0x70482b58   0x00000030   Data   RO          861    .constdata          cos_i.o(m_5s.b)
    0x70482b88   0x00000028   Data   RO          864    .constdata          expm1_i.o(m_5s.b)
    0x70482bb0   0x00000008   Data   RO          869    .constdata          qnan.o(m_5s.b)
    0x70482bb8   0x000000c0   Data   RO          871    .constdata          rred.o(m_5s.b)
    0x70482c78   0x00000028   Data   RO          873    .constdata          sin_i.o(m_5s.b)
    0x70482ca0   0x00000060   Data   RO          877    .constdata          tan_i.o(m_5s.b)
    0x70482d00   0x00000028   Data   RO          418    .constdata__ZTV11EMVRiskMgmt  EMVRiskMgmt.o(EMV.a)
    0x70482d28   0x0000001c   Data   RO          384    .constdata__ZTV12EMVSelection  EMVSelection.o(EMV.a)
    0x70482d44   0x00000038   Data   RO          507    .constdata__ZTV13EMVDOLHandler  EMVDOLHandler.o(EMV.a)
    0x70482d7c   0x0000001c   Data   RO          525    .constdata__ZTV13EMVScriptProc  EMVScriptProc.o(EMV.a)
    0x70482d98   0x00000020   Data   RO          453    .constdata__ZTV13EMVVerifyCard  EMVVerifyCard.o(EMV.a)
    0x70482db8   0x00000020   Data   RO          497    .constdata__ZTV21EMVDataAuthentication  datauth.o(EMV.a)
    0x70482dd8   0x00000010   Data   RO          405    .constdata__ZTV9EMVCmdSet  EMVCmdSet.o(EMV.a)
    0x70482de8   0x00000074   Data   RO           19    .conststring        zutil.o
    0x70482e5c   0x00000064   Data   RO           56    .conststring        display.o
    0x70482ec0   0x00000060   Data   RO           75    .conststring        iris_io.o
    0x70482f20   0x00000007   Data   RO           78    .conststring        iriscfg.o
    0x70482f27   0x00000121   Data   RO           87    .conststring        irismain.o
    0x70483048   0x00000030   Data   RO          100    .conststring        iristime.o
    0x70483078   0x00000055   Data   RO          110    .conststring        printer.o
    0x704830cd   0x00000007   Data   RO          120    .conststring        security.o
    0x704830d4   0x00000113   Data   RO          137    .conststring        lbaselib.o
    0x704831e7   0x0000006d   Data   RO          141    .conststring        ldblib.o
    0x70483254   0x00000010   Data   RO          149    .conststring        linit.o
    0x70483264   0x0000005c   Data   RO          152    .conststring        liolib.o
    0x704832c0   0x00000080   Data   RO          155    .conststring        llex.o
    0x70483340   0x0000007a   Data   RO          158    .conststring        lmathlib.o
    0x704833ba   0x0000001e   Data   RO          162    .conststring        loadlib.o
    0x704833d8   0x00000062   Data   RO          171    .conststring        loslib.o
    0x7048343a   0x00000040   Data   RO          178    .conststring        lstrlib.o
    0x7048347a   0x0000002c   Data   RO          183    .conststring        ltablib.o
    0x704834a6   0x000004f5   Data   RO          186    .conststring        lterminallib.o
    0x7048399b   0x00000024   Data   RO          191    .conststring        ltm.o
    0x704839bf   0x00000069   Data   RO          192    .conststring        ltm.o
    0x70483a28   0x00000004   Data   RO          195    .conststring        lua.o
    0x70483a2c   0x00000008   Data   RO          247    .conststring        MVT.o(EMVap_Config.a)
    0x70483a34   0x00000008   Data   RO          251    .conststring        EST.o(EMVap_Config.a)
    0x70483a3c   0x00000008   Data   RO          666    c$$dinf             fpconst.o(fz_5s.b)
    0x70483a44   0x00000010   Data   RO          774    locale$$data        lc_collate_c.o(c_5.b)
    0x70483a54   0x00000004   Data   RO          240    .init_array         EMVCWrappers.o(EMV.a)


    Execution Region DATA (Base: 0x70485000, Size: 0x00001178, Max: 0xffffffff, ABSOLUTE)

    Base Addr    Size         Type   Attr      Idx    E Section Name        Object

    0x70485000   0x00000008   Data   RW            5    .data               vrxcrt_t.o(verix11.lib)
    0x70485008   0x0000003c   Data   RW           23    .data               Contactless.o
    0x70485044   0x00000076   Data   RW           27    .data               IrisComm.o
    0x704850ba   0x00000002   PAD
    0x704850bc   0x00000020   Data   RW           41    .data               as2805.o
    0x704850dc   0x00000026   Data   RW           44    .data               comms.o
    0x70485102   0x00000002   PAD
    0x70485104   0x00000200   Data   RW           50    .data               ctlsmod.o
    0x70485304   0x00000050   Data   RW           57    .data               display.o
    0x70485354   0x00000004   Data   RW           60    .data               emv.o
    0x70485358   0x0000001c   Data   RW           67    .data               input.o
    0x70485374   0x0000006f   Data   RW           70    .data               iris.o
    0x704853e3   0x00000001   PAD
    0x704853e4   0x00000004   Data   RW           72    .data               iris2805.o
    0x704853e8   0x00000008   Data   RW           79    .data               iriscfg.o
    0x704853f0   0x00000004   Data   RW           82    .data               iriscrypt.o
    0x704853f4   0x00000004   Data   RW           88    .data               irismain.o
    0x704853f8   0x000001c0   Data   RW           89    .data               irismain.o
    0x704855b8   0x00000008   Data   RW           94    .data               irisser.o
    0x704855c0   0x00000015   Data   RW           97    .data               iristcp.o
    0x704855d5   0x00000003   PAD
    0x704855d8   0x00000030   Data   RW          101    .data               iristime.o
    0x70485608   0x0000000c   Data   RW          106    .data               irisutil.o
    0x70485614   0x00000010   Data   RW          112    .data               printer.o
    0x70485624   0x00000010   Data   RW          122    .data               security.o
    0x70485634   0x00000004   Data   RW          127    .data               timer.o
    0x70485638   0x00000004   Data   RW          187    .data               lterminallib.o
    0x7048563c   0x00000008   Data   RW          196    .data               lua.o
    0x70485644   0x0000003c   Data   RW          222    .data               cardslot.o(cardslot.a)
    0x70485680   0x00000028   Data   RW          237    .data               EMVCWrappers.o(EMV.a)
    0x704856a8   0x00000002   Data   RW          239    .data               EMVCWrappers.o(EMV.a)
    0x704856aa   0x00000002   PAD
    0x704856ac   0x00000008   Data   RW          248    .data               MVT.o(EMVap_Config.a)
    0x704856b4   0x00000010   Data   RW          252    .data               EST.o(EMVap_Config.a)
    0x704856c4   0x0000000c   Data   RW          256    .data               EstFuncs.o(vxemvap.a)
    0x704856d0   0x0000001c   Data   RW          261    .data               emvfuncs.o(vxemvap.a)
    0x704856ec   0x00000004   Data   RW          286    .data               tmpnam.opi(verix11.lib)
    0x704856f0   0x00000008   Data   RW          288    .data               tmpfile.opi(verix11.lib)
    0x704856f8   0x00000028   Data   RW          291    .data               iodata.opi(verix11.lib)
    0x70485720   0x00000004   Data   RW          292    .data               iodata.opi(verix11.lib)
    0x70485724   0x00000004   Data   RW          293    .data               iodata.opi(verix11.lib)
    0x70485728   0x00000030   Data   RW          312    .data               localeco.opi(verix11.lib)
    0x70485758   0x00000024   Data   RW          380    .data               EMVSelection.o(EMV.a)
    0x7048577c   0x00000018   Data   RW          416    .data               EMVRiskMgmt.o(EMV.a)
    0x70485794   0x00000038   Data   RW          432    .data               transact.o(EMV.a)
    0x704857cc   0x00000930   Data   RW          438    .data               EMVUtils.o(EMV.a)
    0x704860fc   0x00000014   Data   RW          441    .data               EUtils.o(EMV.a)
    0x70486110   0x00000025   Data   RW          451    .data               EMVVerifyCard.o(EMV.a)
    0x70486135   0x00000003   PAD
    0x70486138   0x00000008   Data   RW          467    .data               MVTStruc.o(EMVap_Config.a)
    0x70486140   0x00000008   Data   RW          484    .data               _sputc.opi(verix11.lib)
    0x70486148   0x00000008   Data   RW          495    .data               datauth.o(EMV.a)
    0x70486150   0x0000000c   Data   RW          502    .data               EMVSecure.o(EMV.a)
    0x7048615c   0x00000014   Data   RW          517    .data               EMVICCCard.o(EMV.a)
    0x70486170   0x00000008   Data   RW          534    .data               Glue.o(voyn.lib)


    Execution Region BSS (Base: 0x70486178, Size: 0x000186b8, Max: 0xffffffff, ABSOLUTE)

    Base Addr    Size         Type   Attr      Idx    E Section Name        Object

    0x70486178   0x00002eb8   Zero   RW           21    .bss                Contactless.o
    0x70489030   0x00000232   Zero   RW           25    .bss                IrisComm.o
    0x70489262   0x0000001a   Zero   RW           43    .bss                comms.o
    0x7048927c   0x0000337c   Zero   RW           47    .bss                ctlsmod.o
    0x7048c5f8   0x0000008c   Zero   RW           59    .bss                emv.o
    0x7048c684   0x00000351   Zero   RW           65    .bss                input.o
    0x7048c9d5   0x00000019   Zero   RW           77    .bss                iriscfg.o
    0x7048c9ee   0x00000002   PAD
    0x7048c9f0   0x0000025c   Zero   RW           85    .bss                irismain.o
    0x7048cc4c   0x00000350   Zero   RW           93    .bss                irisser.o
    0x7048cf9c   0x000002a4   Zero   RW           96    .bss                iristcp.o
    0x7048d240   0x00000028   Zero   RW           99    .bss                iristime.o
    0x7048d268   0x00005140   Zero   RW          108    .bss                printer.o
    0x704923a8   0x00000020   Zero   RW          124    .bss                time.o
    0x704923c8   0x00001f78   Zero   RW          130    .bss                gps.o
    0x70494340   0x0000404c   Zero   RW          232    .bss                EMVCWrappers.o(EMV.a)
    0x7049838c   0x000000c8   Zero   RW          233    .bss                EMVCWrappers.o(EMV.a)
    0x70498454   0x000000c8   Zero   RW          234    .bss                EMVCWrappers.o(EMV.a)
    0x7049851c   0x000004c4   Zero   RW          246    .bss                MVT.o(EMVap_Config.a)
    0x704989e0   0x0000056c   Zero   RW          250    .bss                EST.o(EMVap_Config.a)
    0x70498f4c   0x00004450   Zero   RW          258    .bss                emvfuncs.o(vxemvap.a)
    0x7049d39c   0x00000010   Zero   RW          285    .bss                tmpnam.opi(verix11.lib)
    0x7049d3ac   0x0000003c   Zero   RW          290    .bss                iodata.opi(verix11.lib)
    0x7049d3e8   0x00000024   Zero   RW          302    .bss                localt.opi(verix11.lib)
    0x7049d40c   0x0000000a   Zero   RW          308    .bss                strftime.opi(verix11.lib)
    0x7049d416   0x000007bc   Zero   RW          378    .bss                EMVSelection.o(EMV.a)
    0x7049dbd2   0x00000908   Zero   RW          430    .bss                transact.o(EMV.a)
    0x7049e4da   0x00000002   PAD
    0x7049e4dc   0x000002d0   Zero   RW          436    .bss                EMVUtils.o(EMV.a)
    0x7049e7ac   0x0000001c   Zero   RW          449    .bss                EMVVerifyCard.o(EMV.a)
    0x7049e7c8   0x00000050   Zero   RW          536    .bss                V_gds.o(voyn.lib)
    0x7049e818   0x00000014   Zero   RW          768    .bss                rt_locale.o(c_5.b)
    0x7049e82c   0x00000004   Zero   RW          771    .bss                rt_ddtor_pointer_addr.o(c_5.b)

